Archive member included to satisfy reference by file (symbol)

C:/Users/Maiky/.pico-sdk/toolchain/13_3_Rel1/bin/../lib/gcc/arm-none-eabi/13.3.1/thumb/v6-m/nofp\libgcc.a(_dvmd_tls.o)
                              CMakeFiles/G1-S9-A2.dir/C_/Users/Maiky/.pico-sdk/sdk/2.1.0/src/rp2_common/pico_divider/divider_hardware.S.obj (__aeabi_idiv0)
C:/Users/Maiky/.pico-sdk/toolchain/13_3_Rel1/bin/../lib/gcc/arm-none-eabi/13.3.1/thumb/v6-m/nofp\libg.a(libc_a-calloc.o)
                              CMakeFiles/G1-S9-A2.dir/C_/Users/Maiky/.pico-sdk/sdk/2.1.0/src/rp2_common/pico_malloc/malloc.c.obj (calloc)
C:/Users/Maiky/.pico-sdk/toolchain/13_3_Rel1/bin/../lib/gcc/arm-none-eabi/13.3.1/thumb/v6-m/nofp\libg.a(libc_a-callocr.o)
                              C:/Users/Maiky/.pico-sdk/toolchain/13_3_Rel1/bin/../lib/gcc/arm-none-eabi/13.3.1/thumb/v6-m/nofp\libg.a(libc_a-calloc.o) (_calloc_r)
C:/Users/Maiky/.pico-sdk/toolchain/13_3_Rel1/bin/../lib/gcc/arm-none-eabi/13.3.1/thumb/v6-m/nofp\libg.a(libc_a-malloc.o)
                              CMakeFiles/G1-S9-A2.dir/C_/Users/Maiky/.pico-sdk/sdk/2.1.0/src/rp2_common/pico_malloc/malloc.c.obj (malloc)
C:/Users/Maiky/.pico-sdk/toolchain/13_3_Rel1/bin/../lib/gcc/arm-none-eabi/13.3.1/thumb/v6-m/nofp\libg.a(libc_a-mallocr.o)
                              C:/Users/Maiky/.pico-sdk/toolchain/13_3_Rel1/bin/../lib/gcc/arm-none-eabi/13.3.1/thumb/v6-m/nofp\libg.a(libc_a-callocr.o) (_malloc_r)
C:/Users/Maiky/.pico-sdk/toolchain/13_3_Rel1/bin/../lib/gcc/arm-none-eabi/13.3.1/thumb/v6-m/nofp\libg.a(libc_a-mlock.o)
                              C:/Users/Maiky/.pico-sdk/toolchain/13_3_Rel1/bin/../lib/gcc/arm-none-eabi/13.3.1/thumb/v6-m/nofp\libg.a(libc_a-mallocr.o) (__malloc_lock)
C:/Users/Maiky/.pico-sdk/toolchain/13_3_Rel1/bin/../lib/gcc/arm-none-eabi/13.3.1/thumb/v6-m/nofp\libg.a(libc_a-realloc.o)
                              CMakeFiles/G1-S9-A2.dir/C_/Users/Maiky/.pico-sdk/sdk/2.1.0/src/rp2_common/pico_malloc/malloc.c.obj (realloc)
C:/Users/Maiky/.pico-sdk/toolchain/13_3_Rel1/bin/../lib/gcc/arm-none-eabi/13.3.1/thumb/v6-m/nofp\libg.a(libc_a-reallocr.o)
                              C:/Users/Maiky/.pico-sdk/toolchain/13_3_Rel1/bin/../lib/gcc/arm-none-eabi/13.3.1/thumb/v6-m/nofp\libg.a(libc_a-realloc.o) (_realloc_r)
C:/Users/Maiky/.pico-sdk/toolchain/13_3_Rel1/bin/../lib/gcc/arm-none-eabi/13.3.1/thumb/v6-m/nofp\libg.a(libc_a-memcmp.o)
                              CMakeFiles/G1-S9-A2.dir/C_/Users/Maiky/.pico-sdk/sdk/2.1.0/src/rp2_common/pico_atomic/atomic.c.obj (memcmp)
C:/Users/Maiky/.pico-sdk/toolchain/13_3_Rel1/bin/../lib/gcc/arm-none-eabi/13.3.1/thumb/v6-m/nofp\libg.a(libc_a-memmove.o)
                              C:/Users/Maiky/.pico-sdk/toolchain/13_3_Rel1/bin/../lib/gcc/arm-none-eabi/13.3.1/thumb/v6-m/nofp\libg.a(libc_a-reallocr.o) (memmove)
C:/Users/Maiky/.pico-sdk/toolchain/13_3_Rel1/bin/../lib/gcc/arm-none-eabi/13.3.1/thumb/v6-m/nofp\libg.a(libc_a-lcltime_r.o)
                              CMakeFiles/G1-S9-A2.dir/C_/Users/Maiky/.pico-sdk/sdk/2.1.0/src/common/pico_util/datetime.c.obj (localtime_r)
C:/Users/Maiky/.pico-sdk/toolchain/13_3_Rel1/bin/../lib/gcc/arm-none-eabi/13.3.1/thumb/v6-m/nofp\libg.a(libc_a-mktime.o)
                              CMakeFiles/G1-S9-A2.dir/C_/Users/Maiky/.pico-sdk/sdk/2.1.0/src/common/pico_util/datetime.c.obj (mktime)
C:/Users/Maiky/.pico-sdk/toolchain/13_3_Rel1/bin/../lib/gcc/arm-none-eabi/13.3.1/thumb/v6-m/nofp\libg.a(libc_a-month_lengths.o)
                              C:/Users/Maiky/.pico-sdk/toolchain/13_3_Rel1/bin/../lib/gcc/arm-none-eabi/13.3.1/thumb/v6-m/nofp\libg.a(libc_a-lcltime_r.o) (__month_lengths)
C:/Users/Maiky/.pico-sdk/toolchain/13_3_Rel1/bin/../lib/gcc/arm-none-eabi/13.3.1/thumb/v6-m/nofp\libg.a(libc_a-tzcalc_limits.o)
                              C:/Users/Maiky/.pico-sdk/toolchain/13_3_Rel1/bin/../lib/gcc/arm-none-eabi/13.3.1/thumb/v6-m/nofp\libg.a(libc_a-lcltime_r.o) (__tzcalc_limits)
C:/Users/Maiky/.pico-sdk/toolchain/13_3_Rel1/bin/../lib/gcc/arm-none-eabi/13.3.1/thumb/v6-m/nofp\libg.a(libc_a-tzlock.o)
                              C:/Users/Maiky/.pico-sdk/toolchain/13_3_Rel1/bin/../lib/gcc/arm-none-eabi/13.3.1/thumb/v6-m/nofp\libg.a(libc_a-lcltime_r.o) (__tz_lock)
C:/Users/Maiky/.pico-sdk/toolchain/13_3_Rel1/bin/../lib/gcc/arm-none-eabi/13.3.1/thumb/v6-m/nofp\libg.a(libc_a-tzset.o)
                              C:/Users/Maiky/.pico-sdk/toolchain/13_3_Rel1/bin/../lib/gcc/arm-none-eabi/13.3.1/thumb/v6-m/nofp\libg.a(libc_a-lcltime_r.o) (_tzset_unlocked)
C:/Users/Maiky/.pico-sdk/toolchain/13_3_Rel1/bin/../lib/gcc/arm-none-eabi/13.3.1/thumb/v6-m/nofp\libg.a(libc_a-tzset_r.o)
                              C:/Users/Maiky/.pico-sdk/toolchain/13_3_Rel1/bin/../lib/gcc/arm-none-eabi/13.3.1/thumb/v6-m/nofp\libg.a(libc_a-tzset.o) (_tzset_unlocked_r)
C:/Users/Maiky/.pico-sdk/toolchain/13_3_Rel1/bin/../lib/gcc/arm-none-eabi/13.3.1/thumb/v6-m/nofp\libg.a(libc_a-tzvars.o)
[...]
Memory Configuration

Name             Origin             Length             Attributes
FLASH            0x10000000         0x00200000         xr
RAM              0x20000000         0x00040000         xrw
SCRATCH_X        0x20040000         0x00001000         xrw
SCRATCH_Y        0x20041000         0x00001000         xrw
*default*        0x00000000         0xffffffff

Linker script and memory map

LOAD C:/Users/Maiky/.pico-sdk/toolchain/13_3_Rel1/bin/../lib/gcc/arm-none-eabi/13.3.1/thumb/v6-m/nofp/crti.o
LOAD C:/Users/Maiky/.pico-sdk/toolchain/13_3_Rel1/bin/../lib/gcc/arm-none-eabi/13.3.1/thumb/v6-m/nofp/crtbegin.o
LOAD C:/Users/Maiky/.pico-sdk/toolchain/13_3_Rel1/bin/../lib/gcc/arm-none-eabi/13.3.1/thumb/v6-m/nofp/crt0.o

.flash_begin    0x10000000        0x0
                0x10000000                        __flash_binary_start = .

.boot2          0x10000000      0x100
                0x10000000                        __boot2_start__ = .
 *(.boot2)
 .boot2         0x10000000      0x100 pico-sdk/src/rp2040/boot_stage2/CMakeFiles/bs2_default_library.dir/./bs2_default_padded_checksummed.S.obj
                0x10000100                        __boot2_end__ = .
                0x00000001                        ASSERT (((__boot2_end__ - __boot2_start__) == 0x100), ERROR: Pico second stage bootloader must be 256 bytes in size)

.text           0x10000100     0x64ac
                0x10000100                        __logical_binary_start = .
 *(.vectors)
 .vectors       0x10000100       0xd4 CMakeFiles/G1-S9-A2.dir/C_/Users/Maiky/.pico-sdk/sdk/2.1.0/src/rp2_common/pico_crt0/crt0.S.obj
                0x10000100                __VECTOR_TABLE
                0x10000100                __vectors
                0x100001c0                isr_invalid
                0x100001c0                __default_isrs_start
                0x100001c2                isr_nmi
                0x100001c4                isr_hardfault
                0x100001c6                isr_svcall
                0x100001c8                isr_pendsv
                0x100001ca                isr_systick
                0x100001cc                isr_irq23
                0x100001cc                isr_irq18
                0x100001cc                isr_irq11
                0x100001cc                isr_irq28
                0x100001cc                isr_irq19
                0x100001cc                isr_irq0
                0x100001cc                isr_irq6
                0x100001cc                isr_irq5
                0x100001cc                isr_irq12
                0x100001cc                isr_irq22
                0x100001cc                isr_irq31
                0x100001cc                isr_irq17
                0x100001cc                isr_irq27
                0x100001cc                isr_irq30
                0x100001cc                isr_irq2
                0x100001cc                isr_irq10
                0x100001cc                isr_irq8
                0x100001cc                isr_irq24
                0x100001cc                isr_irq1
                0x100001cc                isr_irq7
                0x100001cc                isr_irq21
                0x100001cc                isr_irq20
                0x100001cc                isr_irq15
                0x100001cc                isr_irq25
                0x100001cc                isr_irq13
                0x100001cc                __unhandled_user_irq
                0x100001cc                isr_irq4
                0x100001cc                isr_irq16
                0x100001cc                isr_irq29
                0x100001cc                isr_irq26
                0x100001cc                __default_isrs_end
                0x100001cc                isr_irq3
                0x100001cc                isr_irq14
                0x100001cc                isr_irq9
                0x100001d2                unhandled_user_irq_num_in_r0
 *(.binary_info_header)
 .binary_info_header
                0x100001d4       0x14 CMakeFiles/G1-S9-A2.dir/C_/Users/Maiky/.pico-sdk/sdk/2.1.0/src/rp2_common/pico_crt0/crt0.S.obj
                0x100001e8                        __binary_info_header_end = .
 *(.embedded_block)
                0x100001e8                        __embedded_block_end = .
 *(.reset)
 .reset         0x100001e8       0x9c CMakeFiles/G1-S9-A2.dir/C_/Users/Maiky/.pico-sdk/sdk/2.1.0/src/rp2_common/pico_crt0/crt0.S.obj
                0x100001e8                _entry_point
 *(.init)
 .init          0x10000284        0x4 C:/Users/Maiky/.pico-sdk/toolchain/13_3_Rel1/bin/../lib/gcc/arm-none-eabi/13.3.1/thumb/v6-m/nofp/crti.o
                0x10000284                _init
 *(EXCLUDE_FILE(*libm.a: *libc.a:*lib_a-mem*.o *libgcc.a:) .text*)
 .text.register_tm_clones
                0x10000288       0x28 C:/Users/Maiky/.pico-sdk/toolchain/13_3_Rel1/bin/../lib/gcc/arm-none-eabi/13.3.1/thumb/v6-m/nofp/crtbegin.o
 .text.frame_dummy
                0x100002b0       0x24 C:/Users/Maiky/.pico-sdk/toolchain/13_3_Rel1/bin/../lib/gcc/arm-none-eabi/13.3.1/thumb/v6-m/nofp/crtbegin.o
 .text.inicializar_teclado
                0x100002d4       0xe8 CMakeFiles/G1-S9-A2.dir/G1-S9-A2.c.obj
                0x100002d4                inicializar_teclado
 .text.pegar_tecla
                0x100003bc       0xe0 CMakeFiles/G1-S9-A2.dir/G1-S9-A2.c.obj
                0x100003bc                pegar_tecla
 .text.controlar_leds_buzzer
                0x1000049c       0x9c CMakeFiles/G1-S9-A2.dir/G1-S9-A2.c.obj
                0x1000049c                controlar_leds_buzzer
 .text.startup.main
                0x10000538       0x8c CMakeFiles/G1-S9-A2.dir/G1-S9-A2.c.obj
                0x10000538                main
 .text.gpio_init
                0x100005c4       0x40 CMakeFiles/G1-S9-A2.dir/C_/Users/Maiky/.pico-sdk/sdk/2.1.0/src/rp2_common/hardware_gpio/gpio.c.obj
                0x100005c4                gpio_init
 .text.rp2040_chip_version
                0x10000604        0xc CMakeFiles/G1-S9-A2.dir/C_/Users/Maiky/.pico-sdk/sdk/2.1.0/src/rp2040/pico_platform/platform.c.obj
                0x10000604                rp2040_chip_version
 .text.panic    0x10000610       0x30 CMakeFiles/G1-S9-A2.dir/C_/Users/Maiky/.pico-sdk/sdk/2.1.0/src/rp2_common/pico_platform_panic/panic.c.obj
                0x10000610                panic
 .text.hw_claim_or_assert
                0x10000640       0x44 CMakeFiles/G1-S9-A2.dir/C_/Users/Maiky/.pico-sdk/sdk/2.1.0/src/common/hardware_claim/claim.c.obj
                0x10000640                hw_claim_or_assert
 .text.hw_claim_unused_from_range
                0x10000684       0x9c CMakeFiles/G1-S9-A2.dir/C_/Users/Maiky/.pico-sdk/sdk/2.1.0/src/common/hardware_claim/claim.c.obj
                0x10000684                hw_claim_unused_from_range
 .text.next_striped_spin_lock_num
                0x10000720       0x18 CMakeFiles/G1-S9-A2.dir/C_/Users/Maiky/.pico-sdk/sdk/2.1.0/src/rp2_common/hardware_sync/sync.c.obj
                0x10000720                next_striped_spin_lock_num
 .text.spin_lock_claim_unused
                0x10000738       0x24 CMakeFiles/G1-S9-A2.dir/C_/Users/Maiky/.pico-sdk/sdk/2.1.0/src/rp2_common/hardware_sync/sync.c.obj
                0x10000738                spin_lock_claim_unused
 .text.spin_locks_reset
                0x1000075c       0x1c CMakeFiles/G1-S9-A2.dir/C_/Users/Maiky/.pico-sdk/sdk/2.1.0/src/rp2_common/hardware_sync_spin_lock/sync_spin_lock.c.obj
                0x1000075c                spin_locks_reset
 .text.runtime_init_per_core_irq_priorities
                0x10000778       0x24 CMakeFiles/G1-S9-A2.dir/C_/Users/Maiky/.pico-sdk/sdk/2.1.0/src/rp2_common/hardware_irq/irq.c.obj
                0x10000778                runtime_init_per_core_irq_priorities
 .text.irq_set_enabled
                0x1000079c       0x24 CMakeFiles/G1-S9-A2.dir/C_/Users/Maiky/.pico-sdk/sdk/2.1.0/src/rp2_common/hardware_irq/irq.c.obj
                0x1000079c                irq_set_enabled
 .text.irq_is_enabled
                0x100007c0       0x18 CMakeFiles/G1-S9-A2.dir/C_/Users/Maiky/.pico-sdk/sdk/2.1.0/src/rp2_common/hardware_irq/irq.c.obj
                0x100007c0                irq_is_enabled
 .text.irq_set_pending
                0x100007d8       0x10 CMakeFiles/G1-S9-A2.dir/C_/Users/Maiky/.pico-sdk/sdk/2.1.0/src/rp2_common/hardware_irq/irq.c.obj
                0x100007d8                irq_set_pending
 .text.irq_has_shared_handler
                0x100007e8       0x2c CMakeFiles/G1-S9-A2.dir/C_/Users/Maiky/.pico-sdk/sdk/2.1.0/src/rp2_common/hardware_irq/irq.c.obj
                0x100007e8                irq_has_shared_handler
 .text.irq_set_exclusive_handler
                0x10000814       0x54 CMakeFiles/G1-S9-A2.dir/C_/Users/Maiky/.pico-sdk/sdk/2.1.0/src/rp2_common/hardware_irq/irq.c.obj
                0x10000814                irq_set_exclusive_handler
 .text.irq_add_shared_handler
                0x10000868      0x1f4 CMakeFiles/G1-S9-A2.dir/C_/Users/Maiky/.pico-sdk/sdk/2.1.0/src/rp2_common/hardware_irq/irq.c.obj
                0x10000868                irq_add_shared_handler
 .text.irq_add_tail_to_free_list
                0x10000a5c       0xb4 CMakeFiles/G1-S9-A2.dir/C_/Users/Maiky/.pico-sdk/sdk/2.1.0/src/rp2_common/hardware_irq/irq.c.obj
                0x10000a5c                irq_add_tail_to_free_list
 .text.user_irq_claim_unused
                0x10000b10       0x2c CMakeFiles/G1-S9-A2.dir/C_/Users/Maiky/.pico-sdk/sdk/2.1.0/src/rp2_common/hardware_irq/irq.c.obj
                0x10000b10                user_irq_claim_unused
 .text.lock_init
                0x10000b3c       0x10 CMakeFiles/G1-S9-A2.dir/C_/Users/Maiky/.pico-sdk/sdk/2.1.0/src/common/pico_sync/lock_core.c.obj
                0x10000b3c                lock_init
 .text.runtime_init_mutex
                0x10000b4c       0x50 CMakeFiles/G1-S9-A2.dir/C_/Users/Maiky/.pico-sdk/sdk/2.1.0/src/common/pico_sync/mutex.c.obj
                0x10000b4c                runtime_init_mutex
 .text.mutex_init
                0x10000b9c       0x1c CMakeFiles/G1-S9-A2.dir/C_/Users/Maiky/.pico-sdk/sdk/2.1.0/src/common/pico_sync/mutex.c.obj
                0x10000b9c                mutex_init
 .text.critical_section_init
                0x10000bb8       0x1c CMakeFiles/G1-S9-A2.dir/C_/Users/Maiky/.pico-sdk/sdk/2.1.0/src/common/pico_sync/critical_section.c.obj
                0x10000bb8                critical_section_init
 .text.critical_section_init_with_lock_num
                0x10000bd4       0x14 CMakeFiles/G1-S9-A2.dir/C_/Users/Maiky/.pico-sdk/sdk/2.1.0/src/common/pico_sync/critical_section.c.obj
                0x10000bd4                critical_section_init_with_lock_num
 .text.sleep_until_callback
                0x10000be8       0x30 CMakeFiles/G1-S9-A2.dir/C_/Users/Maiky/.pico-sdk/sdk/2.1.0/src/common/pico_time/time.c.obj
 .text.alarm_pool_irq_handler
                0x10000c18      0x2fc CMakeFiles/G1-S9-A2.dir/C_/Users/Maiky/.pico-sdk/sdk/2.1.0/src/common/pico_time/time.c.obj
 .text.runtime_init_default_alarm_pool
                0x10000f14       0xdc CMakeFiles/G1-S9-A2.dir/C_/Users/Maiky/.pico-sdk/sdk/2.1.0/src/common/pico_time/time.c.obj
                0x10000f14                runtime_init_default_alarm_pool
 .text.alarm_pool_get_default
                0x10000ff0        0x8 CMakeFiles/G1-S9-A2.dir/C_/Users/Maiky/.pico-sdk/sdk/2.1.0/src/common/pico_time/time.c.obj
                0x10000ff0                alarm_pool_get_default
 .text.alarm_pool_add_alarm_at
                0x10000ff8       0xd4 CMakeFiles/G1-S9-A2.dir/C_/Users/Maiky/.pico-sdk/sdk/2.1.0/src/common/pico_time/time.c.obj
                0x10000ff8                alarm_pool_add_alarm_at
 .text.alarm_pool_add_alarm_at_force_in_context
                0x100010cc       0xb0 CMakeFiles/G1-S9-A2.dir/C_/Users/Maiky/.pico-sdk/sdk/2.1.0/src/common/pico_time/time.c.obj
                0x100010cc                alarm_pool_add_alarm_at_force_in_context
 .text.alarm_pool_cancel_alarm
                0x1000117c       0x74 CMakeFiles/G1-S9-A2.dir/C_/Users/Maiky/.pico-sdk/sdk/2.1.0/src/common/pico_time/time.c.obj
                0x1000117c                alarm_pool_cancel_alarm
 .text.alarm_pool_core_num
                0x100011f0        0x4 CMakeFiles/G1-S9-A2.dir/C_/Users/Maiky/.pico-sdk/sdk/2.1.0/src/common/pico_time/time.c.obj
                0x100011f0                alarm_pool_core_num
 .text.best_effort_wfe_or_timeout
                0x100011f4       0xe0 CMakeFiles/G1-S9-A2.dir/C_/Users/Maiky/.pico-sdk/sdk/2.1.0/src/common/pico_time/time.c.obj
                0x100011f4                best_effort_wfe_or_timeout
 .text.timer_hardware_alarm_claim
                0x100012d4       0x14 CMakeFiles/G1-S9-A2.dir/C_/Users/Maiky/.pico-sdk/sdk/2.1.0/src/rp2_common/hardware_timer/timer.c.obj
                0x100012d4                timer_hardware_alarm_claim
 .text.timer_time_us_64
                0x100012e8       0x10 CMakeFiles/G1-S9-A2.dir/C_/Users/Maiky/.pico-sdk/sdk/2.1.0/src/rp2_common/hardware_timer/timer.c.obj
                0x100012e8                timer_time_us_64
 .text.time_us_64
                0x100012f8       0x14 CMakeFiles/G1-S9-A2.dir/C_/Users/Maiky/.pico-sdk/sdk/2.1.0/src/rp2_common/hardware_timer/timer.c.obj
                0x100012f8                time_us_64
 .text.busy_wait_us
                0x1000130c       0x68 CMakeFiles/G1-S9-A2.dir/C_/Users/Maiky/.pico-sdk/sdk/2.1.0/src/rp2_common/hardware_timer/timer.c.obj
                0x1000130c                busy_wait_us
 .text.clock_configure_int_divider
                0x10001374       0xf4 CMakeFiles/G1-S9-A2.dir/C_/Users/Maiky/.pico-sdk/sdk/2.1.0/src/rp2_common/hardware_clocks/clocks.c.obj
                0x10001374                clock_configure_int_divider
 .text.clock_configure_undivided
                0x10001468       0xe8 CMakeFiles/G1-S9-A2.dir/C_/Users/Maiky/.pico-sdk/sdk/2.1.0/src/rp2_common/hardware_clocks/clocks.c.obj
                0x10001468                clock_configure_undivided
 .text.clock_get_hz
                0x10001550        0xc CMakeFiles/G1-S9-A2.dir/C_/Users/Maiky/.pico-sdk/sdk/2.1.0/src/rp2_common/hardware_clocks/clocks.c.obj
                0x10001550                clock_get_hz
 .text.pll_init
                0x1000155c       0xa4 CMakeFiles/G1-S9-A2.dir/C_/Users/Maiky/.pico-sdk/sdk/2.1.0/src/rp2_common/hardware_pll/pll.c.obj
                0x1000155c                pll_init
 .text.watchdog_reboot
                0x10001600       0x9c CMakeFiles/G1-S9-A2.dir/C_/Users/Maiky/.pico-sdk/sdk/2.1.0/src/rp2_common/hardware_watchdog/watchdog.c.obj
                0x10001600                watchdog_reboot
 .text.tick_start
                0x1000169c       0x10 CMakeFiles/G1-S9-A2.dir/C_/Users/Maiky/.pico-sdk/sdk/2.1.0/src/rp2_common/hardware_ticks/ticks.c.obj
                0x1000169c                tick_start
 .text.rom_func_lookup
                0x100016ac       0x10 CMakeFiles/G1-S9-A2.dir/C_/Users/Maiky/.pico-sdk/sdk/2.1.0/src/rp2_common/pico_bootrom/bootrom.c.obj
                0x100016ac                rom_func_lookup
 .text.rom_data_lookup
                0x100016bc       0x10 CMakeFiles/G1-S9-A2.dir/C_/Users/Maiky/.pico-sdk/sdk/2.1.0/src/rp2_common/pico_bootrom/bootrom.c.obj
                0x100016bc                rom_data_lookup
 .text.rom_funcs_lookup
                0x100016cc       0x44 CMakeFiles/G1-S9-A2.dir/C_/Users/Maiky/.pico-sdk/sdk/2.1.0/src/rp2_common/pico_bootrom/bootrom.c.obj
                0x100016cc                rom_funcs_lookup
 .text.rom_reset_usb_boot_extra
                0x10001710       0x28 CMakeFiles/G1-S9-A2.dir/C_/Users/Maiky/.pico-sdk/sdk/2.1.0/src/rp2_common/pico_bootrom/bootrom.c.obj
                0x10001710                rom_reset_usb_boot_extra
 .text.xosc_init
                0x10001738       0x28 CMakeFiles/G1-S9-A2.dir/C_/Users/Maiky/.pico-sdk/sdk/2.1.0/src/rp2_common/hardware_xosc/xosc.c.obj
                0x10001738                xosc_init
 .text.first_per_core_initializer
                0x10001760        0x4 CMakeFiles/G1-S9-A2.dir/C_/Users/Maiky/.pico-sdk/sdk/2.1.0/src/rp2_common/pico_runtime/runtime.c.obj
 .text.hard_assertion_failure
                0x10001764        0xc CMakeFiles/G1-S9-A2.dir/C_/Users/Maiky/.pico-sdk/sdk/2.1.0/src/rp2_common/pico_runtime/runtime.c.obj
                0x10001764                hard_assertion_failure
 .text.runtime_run_initializers
                0x10001770       0x28 CMakeFiles/G1-S9-A2.dir/C_/Users/Maiky/.pico-sdk/sdk/2.1.0/src/rp2_common/pico_runtime/runtime.c.obj
                0x10001770                runtime_run_initializers
 .text.runtime_init_early_resets
                0x10001798       0x2c CMakeFiles/G1-S9-A2.dir/C_/Users/Maiky/.pico-sdk/sdk/2.1.0/src/rp2_common/pico_runtime_init/runtime_init.c.obj
                0x10001798                runtime_init_early_resets
 .text.runtime_init_usb_power_down
                0x100017c4       0x1c CMakeFiles/G1-S9-A2.dir/C_/Users/Maiky/.pico-sdk/sdk/2.1.0/src/rp2_common/pico_runtime_init/runtime_init.c.obj
                0x100017c4                runtime_init_usb_power_down
 .text.runtime_init_post_clock_resets
                0x100017e0       0x20 CMakeFiles/G1-S9-A2.dir/C_/Users/Maiky/.pico-sdk/sdk/2.1.0/src/rp2_common/pico_runtime_init/runtime_init.c.obj
                0x100017e0                runtime_init_post_clock_resets
 .text.runtime_init_rp2040_gpio_ie_disable
                0x10001800       0x14 CMakeFiles/G1-S9-A2.dir/C_/Users/Maiky/.pico-sdk/sdk/2.1.0/src/rp2_common/pico_runtime_init/runtime_init.c.obj
                0x10001800                runtime_init_rp2040_gpio_ie_disable
 .text.runtime_init_spin_locks_reset
                0x10001814        0x8 CMakeFiles/G1-S9-A2.dir/C_/Users/Maiky/.pico-sdk/sdk/2.1.0/src/rp2_common/pico_runtime_init/runtime_init.c.obj
                0x10001814                runtime_init_spin_locks_reset
 .text.runtime_init_install_ram_vector_table
                0x1000181c       0x1c CMakeFiles/G1-S9-A2.dir/C_/Users/Maiky/.pico-sdk/sdk/2.1.0/src/rp2_common/pico_runtime_init/runtime_init.c.obj
                0x1000181c                runtime_init_install_ram_vector_table
 .text.runtime_init_clocks
                0x10001838       0xd8 CMakeFiles/G1-S9-A2.dir/C_/Users/Maiky/.pico-sdk/sdk/2.1.0/src/rp2_common/pico_runtime_init/runtime_init_clocks.c.obj
                0x10001838                runtime_init_clocks
 .text          0x10001910       0x10 CMakeFiles/G1-S9-A2.dir/C_/Users/Maiky/.pico-sdk/sdk/2.1.0/src/rp2_common/pico_bit_ops/bit_ops_aeabi.S.obj
 .text.__wrap___aeabi_idiv
                0x10001920       0x50 CMakeFiles/G1-S9-A2.dir/C_/Users/Maiky/.pico-sdk/sdk/2.1.0/src/rp2_common/pico_divider/divider_hardware.S.obj
                0x10001920                __wrap___aeabi_idivmod
                0x10001920                divmod_s32s32
                0x10001920                div_s32s32
                0x10001920                __wrap___aeabi_idiv
                0x10001928                divmod_s32s32_unsafe
                0x10001954                divmod_s32s32_savestate
 .text.__wrap___aeabi_uidiv
                0x10001970       0x4c CMakeFiles/G1-S9-A2.dir/C_/Users/Maiky/.pico-sdk/sdk/2.1.0/src/rp2_common/pico_divider/divider_hardware.S.obj
                0x10001970                __wrap___aeabi_uidiv
                0x10001970                __wrap___aeabi_uidivmod
                0x10001970                div_u32u32
                0x10001970                divmod_u32u32
                0x10001978                divmod_u32u32_unsafe
                0x100019a0                divmod_u32u32_savestate
 .text.__wrap___aeabi_ldiv
                0x100019bc      0x424 CMakeFiles/G1-S9-A2.dir/C_/Users/Maiky/.pico-sdk/sdk/2.1.0/src/rp2_common/pico_divider/divider_hardware.S.obj
                0x100019bc                div_s64s64
                0x100019bc                divmod_s64s64
                0x100019bc                __wrap___aeabi_ldivmod
                0x100019ec                divmod_u64u64
                0x100019ec                div_u64u64
                0x100019ec                __wrap___aeabi_uldivmod
                0x100019fc                divmod_u64u64_savestate
                0x10001a1c                divmod_s64s64_unsafe
                0x10001aa4                divmod_u64u64_unsafe
 .text.__wrap___aeabi_darithmetic
                0x10001de0       0x60 CMakeFiles/G1-S9-A2.dir/C_/Users/Maiky/.pico-sdk/sdk/2.1.0/src/rp2_common/pico_double/double_aeabi_rp2040.S.obj
                0x10001de0                __wrap___aeabi_drsub
                0x10001de6                __wrap___aeabi_dsub
                0x10001df0                __wrap___aeabi_dadd
                0x10001dfa                __wrap___aeabi_ddiv
                0x10001e2e                __wrap___aeabi_dmul
 .text.__wrap___aeabi_cdcmple
                0x10001e40       0x6c CMakeFiles/G1-S9-A2.dir/C_/Users/Maiky/.pico-sdk/sdk/2.1.0/src/rp2_common/pico_double/double_aeabi_rp2040.S.obj
                0x10001e40                __wrap___aeabi_cdrcmple
                0x10001e50                __wrap___aeabi_cdcmpeq
                0x10001e50                __wrap___aeabi_cdcmple
 .text.__wrap___aeabi_dcmplt
                0x10001eac        0xc CMakeFiles/G1-S9-A2.dir/C_/Users/Maiky/.pico-sdk/sdk/2.1.0/src/rp2_common/pico_double/double_aeabi_rp2040.S.obj
                0x10001eac                __wrap___aeabi_dcmplt
 .text.__wrap___aeabi_dcmpge
                0x10001eb8       0x10 CMakeFiles/G1-S9-A2.dir/C_/Users/Maiky/.pico-sdk/sdk/2.1.0/src/rp2_common/pico_double/double_aeabi_rp2040.S.obj
                0x10001eb8                __wrap___aeabi_dcmpge
 .text.__wrap___aeabi_dcmpgt
                0x10001ec8        0xa CMakeFiles/G1-S9-A2.dir/C_/Users/Maiky/.pico-sdk/sdk/2.1.0/src/rp2_common/pico_double/double_aeabi_rp2040.S.obj
                0x10001ec8                __wrap___aeabi_dcmpgt
 .text.__wrap___aeabi_dcmpun
                0x10001ed2       0x18 CMakeFiles/G1-S9-A2.dir/C_/Users/Maiky/.pico-sdk/sdk/2.1.0/src/rp2_common/pico_double/double_aeabi_rp2040.S.obj
                0x10001ed2                __wrap___aeabi_dcmpun
 *fill*         0x10001eea        0x2 
 .text.__wrap___aeabi_i2d
                0x10001eec       0x38 CMakeFiles/G1-S9-A2.dir/C_/Users/Maiky/.pico-sdk/sdk/2.1.0/src/rp2_common/pico_double/double_aeabi_rp2040.S.obj
                0x10001eec                __wrap___aeabi_ui2d
                0x10001ef4                __wrap___aeabi_i2d
 .text.__wrap___aeabi_d2iz
                0x10001f24       0x48 CMakeFiles/G1-S9-A2.dir/C_/Users/Maiky/.pico-sdk/sdk/2.1.0/src/rp2_common/pico_double/double_aeabi_rp2040.S.obj
                0x10001f24                double2int_z
                0x10001f24                __wrap___aeabi_d2iz
 .text.__wrap___aeabi_d2uiz
                0x10001f6c       0x10 CMakeFiles/G1-S9-A2.dir/C_/Users/Maiky/.pico-sdk/sdk/2.1.0/src/rp2_common/pico_double/double_aeabi_rp2040.S.obj
                0x10001f6c                __wrap___aeabi_d2uiz
                0x10001f6c                double2uint
 .text.missing_double_func_shim
                0x10001f7c        0xc CMakeFiles/G1-S9-A2.dir/C_/Users/Maiky/.pico-sdk/sdk/2.1.0/src/rp2_common/pico_double/double_init_rom_rp2040.c.obj
 .text.__aeabi_double_init
                0x10001f88       0xa0 CMakeFiles/G1-S9-A2.dir/C_/Users/Maiky/.pico-sdk/sdk/2.1.0/src/rp2_common/pico_double/double_init_rom_rp2040.c.obj
                0x10001f88                __aeabi_double_init
 .text.double_table_shim_on_use_helper
                0x10002028       0x2c CMakeFiles/G1-S9-A2.dir/C_/Users/Maiky/.pico-sdk/sdk/2.1.0/src/rp2_common/pico_double/double_v1_rom_shim_rp2040.S.obj
                0x10002028                double_table_shim_on_use_helper
 .text.__aeabi_lmul
                0x10002054       0x32 CMakeFiles/G1-S9-A2.dir/C_/Users/Maiky/.pico-sdk/sdk/2.1.0/src/rp2_common/pico_int64_ops/pico_int64_ops_aeabi.S.obj
                0x10002054                __wrap___aeabi_lmul
 *fill*         0x10002086        0x2 
 .text.missing_float_func_shim
                0x10002088        0xc CMakeFiles/G1-S9-A2.dir/C_/Users/Maiky/.pico-sdk/sdk/2.1.0/src/rp2_common/pico_float/float_init_rom_rp2040.c.obj
 .text.__aeabi_float_init
                0x10002094       0x5c CMakeFiles/G1-S9-A2.dir/C_/Users/Maiky/.pico-sdk/sdk/2.1.0/src/rp2_common/pico_float/float_init_rom_rp2040.c.obj
                0x10002094                __aeabi_float_init
 .text          0x100020f0       0x10 CMakeFiles/G1-S9-A2.dir/C_/Users/Maiky/.pico-sdk/sdk/2.1.0/src/rp2_common/pico_mem_ops/mem_ops_aeabi.S.obj
                0x100020f0                __aeabi_mem_init
 .text.memset   0x10002100        0xc CMakeFiles/G1-S9-A2.dir/C_/Users/Maiky/.pico-sdk/sdk/2.1.0/src/rp2_common/pico_mem_ops/mem_ops_aeabi.S.obj
                0x10002100                __wrap_memset
 .text.memcpy   0x1000210c        0xc CMakeFiles/G1-S9-A2.dir/C_/Users/Maiky/.pico-sdk/sdk/2.1.0/src/rp2_common/pico_mem_ops/mem_ops_aeabi.S.obj
                0x1000210c                __wrap_memcpy
                0x1000210c                __wrap___aeabi_memcpy
 .text._out_null
                0x10002118        0x4 CMakeFiles/G1-S9-A2.dir/C_/Users/Maiky/.pico-sdk/sdk/2.1.0/src/rp2_common/pico_printf/printf.c.obj
 .text._out_rev
                0x1000211c       0xac CMakeFiles/G1-S9-A2.dir/C_/Users/Maiky/.pico-sdk/sdk/2.1.0/src/rp2_common/pico_printf/printf.c.obj
 .text._ntoa_format
                0x100021c8      0x250 CMakeFiles/G1-S9-A2.dir/C_/Users/Maiky/.pico-sdk/sdk/2.1.0/src/rp2_common/pico_printf/printf.c.obj
 .text._out_char
                0x10002418       0x10 CMakeFiles/G1-S9-A2.dir/C_/Users/Maiky/.pico-sdk/sdk/2.1.0/src/rp2_common/pico_printf/printf.c.obj
 .text._out_fct
                0x10002428       0x10 CMakeFiles/G1-S9-A2.dir/C_/Users/Maiky/.pico-sdk/sdk/2.1.0/src/rp2_common/pico_printf/printf.c.obj
 .text._etoa    0x10002438      0x464 CMakeFiles/G1-S9-A2.dir/C_/Users/Maiky/.pico-sdk/sdk/2.1.0/src/rp2_common/pico_printf/printf.c.obj
 .text._ftoa    0x1000289c      0x3c0 CMakeFiles/G1-S9-A2.dir/C_/Users/Maiky/.pico-sdk/sdk/2.1.0/src/rp2_common/pico_printf/printf.c.obj
 .text._vsnprintf
                0x10002c5c      0xbc8 CMakeFiles/G1-S9-A2.dir/C_/Users/Maiky/.pico-sdk/sdk/2.1.0/src/rp2_common/pico_printf/printf.c.obj
 .text.vfctprintf
                0x10003824       0x20 CMakeFiles/G1-S9-A2.dir/C_/Users/Maiky/.pico-sdk/sdk/2.1.0/src/rp2_common/pico_printf/printf.c.obj
                0x10003824                vfctprintf
 .text.weak_raw_vprintf
                0x10003844       0x30 CMakeFiles/G1-S9-A2.dir/C_/Users/Maiky/.pico-sdk/sdk/2.1.0/src/rp2_common/pico_printf/printf.c.obj
                0x10003844                weak_raw_vprintf
 .text._exit    0x10003874        0x4 CMakeFiles/G1-S9-A2.dir/C_/Users/Maiky/.pico-sdk/sdk/2.1.0/src/rp2_common/pico_clib_interface/newlib_interface.c.obj
                0x10003874                _exit
 .text.exit     0x10003878        0x8 CMakeFiles/G1-S9-A2.dir/C_/Users/Maiky/.pico-sdk/sdk/2.1.0/src/rp2_common/pico_clib_interface/newlib_interface.c.obj
                0x10003878                exit
 .text.runtime_init
                0x10003880       0x2c CMakeFiles/G1-S9-A2.dir/C_/Users/Maiky/.pico-sdk/sdk/2.1.0/src/rp2_common/pico_clib_interface/newlib_interface.c.obj
                0x10003880                runtime_init
 .text.stdio_out_chars_no_crlf
                0x100038ac       0x10 CMakeFiles/G1-S9-A2.dir/C_/Users/Maiky/.pico-sdk/sdk/2.1.0/src/rp2_common/pico_stdio/stdio.c.obj
 .text.stdio_out_chars_crlf
                0x100038bc       0x94 CMakeFiles/G1-S9-A2.dir/C_/Users/Maiky/.pico-sdk/sdk/2.1.0/src/rp2_common/pico_stdio/stdio.c.obj
 .text.stdio_buffered_printer
                0x10003950       0x64 CMakeFiles/G1-S9-A2.dir/C_/Users/Maiky/.pico-sdk/sdk/2.1.0/src/rp2_common/pico_stdio/stdio.c.obj
 .text.stdio_put_string
                0x100039b4      0x100 CMakeFiles/G1-S9-A2.dir/C_/Users/Maiky/.pico-sdk/sdk/2.1.0/src/rp2_common/pico_stdio/stdio.c.obj
                0x100039b4                stdio_put_string
 .text.stdio_set_driver_enabled
                0x10003ab4       0x30 CMakeFiles/G1-S9-A2.dir/C_/Users/Maiky/.pico-sdk/sdk/2.1.0/src/rp2_common/pico_stdio/stdio.c.obj
                0x10003ab4                stdio_set_driver_enabled
 .text.stdio_init_all
                0x10003ae4        0x8 CMakeFiles/G1-S9-A2.dir/C_/Users/Maiky/.pico-sdk/sdk/2.1.0/src/rp2_common/pico_stdio/stdio.c.obj
                0x10003ae4                stdio_init_all
 .text.__wrap_putchar
                0x10003aec       0x98 CMakeFiles/G1-S9-A2.dir/C_/Users/Maiky/.pico-sdk/sdk/2.1.0/src/rp2_common/pico_stdio/stdio.c.obj
                0x10003aec                __wrap_putchar
                0x10003aec                stdio_putchar
 .text.__wrap_puts
                0x10003b84       0x3c CMakeFiles/G1-S9-A2.dir/C_/Users/Maiky/.pico-sdk/sdk/2.1.0/src/rp2_common/pico_stdio/stdio.c.obj
                0x10003b84                stdio_puts
                0x10003b84                __wrap_puts
 .text.__wrap_vprintf
                0x10003bc0       0xd4 CMakeFiles/G1-S9-A2.dir/C_/Users/Maiky/.pico-sdk/sdk/2.1.0/src/rp2_common/pico_stdio/stdio.c.obj
                0x10003bc0                stdio_vprintf
                0x10003bc0                __wrap_vprintf
 .text.__wrap_printf
                0x10003c94       0x18 CMakeFiles/G1-S9-A2.dir/C_/Users/Maiky/.pico-sdk/sdk/2.1.0/src/rp2_common/pico_stdio/stdio.c.obj
                0x10003c94                __wrap_printf
                0x10003c94                stdio_printf
 .text.resetd_init
                0x10003cac        0x4 CMakeFiles/G1-S9-A2.dir/C_/Users/Maiky/.pico-sdk/sdk/2.1.0/src/rp2_common/pico_stdio_usb/reset_interface.c.obj
 .text.resetd_reset
                0x10003cb0        0xc CMakeFiles/G1-S9-A2.dir/C_/Users/Maiky/.pico-sdk/sdk/2.1.0/src/rp2_common/pico_stdio_usb/reset_interface.c.obj
 .text.resetd_open
                0x10003cbc       0x28 CMakeFiles/G1-S9-A2.dir/C_/Users/Maiky/.pico-sdk/sdk/2.1.0/src/rp2_common/pico_stdio_usb/reset_interface.c.obj
 .text.resetd_xfer_cb
                0x10003ce4        0x4 CMakeFiles/G1-S9-A2.dir/C_/Users/Maiky/.pico-sdk/sdk/2.1.0/src/rp2_common/pico_stdio_usb/reset_interface.c.obj
 .text.resetd_control_xfer_cb
                0x10003ce8       0x5c CMakeFiles/G1-S9-A2.dir/C_/Users/Maiky/.pico-sdk/sdk/2.1.0/src/rp2_common/pico_stdio_usb/reset_interface.c.obj
 .text.tud_descriptor_bos_cb
                0x10003d44        0x8 CMakeFiles/G1-S9-A2.dir/C_/Users/Maiky/.pico-sdk/sdk/2.1.0/src/rp2_common/pico_stdio_usb/reset_interface.c.obj
                0x10003d44                tud_descriptor_bos_cb
 .text.tud_vendor_control_xfer_cb
                0x10003d4c       0x34 CMakeFiles/G1-S9-A2.dir/C_/Users/Maiky/.pico-sdk/sdk/2.1.0/src/rp2_common/pico_stdio_usb/reset_interface.c.obj
                0x10003d4c                tud_vendor_control_xfer_cb
 .text.usbd_app_driver_get_cb
                0x10003d80        0xc CMakeFiles/G1-S9-A2.dir/C_/Users/Maiky/.pico-sdk/sdk/2.1.0/src/rp2_common/pico_stdio_usb/reset_interface.c.obj
                0x10003d80                usbd_app_driver_get_cb
 .text.tud_cdc_line_coding_cb
                0x10003d8c       0x2c CMakeFiles/G1-S9-A2.dir/C_/Users/Maiky/.pico-sdk/sdk/2.1.0/src/rp2_common/pico_stdio_usb/reset_interface.c.obj
                0x10003d8c                tud_cdc_line_coding_cb
 .text.stdio_usb_set_chars_available_callback
                0x10003db8       0x14 CMakeFiles/G1-S9-A2.dir/C_/Users/Maiky/.pico-sdk/sdk/2.1.0/src/rp2_common/pico_stdio_usb/stdio_usb.c.obj
                0x10003db8                stdio_usb_set_chars_available_callback
 .text.usb_irq  0x10003dcc       0x10 CMakeFiles/G1-S9-A2.dir/C_/Users/Maiky/.pico-sdk/sdk/2.1.0/src/rp2_common/pico_stdio_usb/stdio_usb.c.obj
 .text.timer_task
                0x10003ddc       0x64 CMakeFiles/G1-S9-A2.dir/C_/Users/Maiky/.pico-sdk/sdk/2.1.0/src/rp2_common/pico_stdio_usb/stdio_usb.c.obj
 .text.stdio_usb_in_chars
                0x10003e40       0x90 CMakeFiles/G1-S9-A2.dir/C_/Users/Maiky/.pico-sdk/sdk/2.1.0/src/rp2_common/pico_stdio_usb/stdio_usb.c.obj
                0x10003e40                stdio_usb_in_chars
 .text.stdio_usb_out_flush
                0x10003ed0       0x50 CMakeFiles/G1-S9-A2.dir/C_/Users/Maiky/.pico-sdk/sdk/2.1.0/src/rp2_common/pico_stdio_usb/stdio_usb.c.obj
 .text.stdio_usb_out_chars
                0x10003f20      0x104 CMakeFiles/G1-S9-A2.dir/C_/Users/Maiky/.pico-sdk/sdk/2.1.0/src/rp2_common/pico_stdio_usb/stdio_usb.c.obj
 .text.low_priority_worker_irq
                0x10004024       0xcc CMakeFiles/G1-S9-A2.dir/C_/Users/Maiky/.pico-sdk/sdk/2.1.0/src/rp2_common/pico_stdio_usb/stdio_usb.c.obj
 .text.stdio_usb_init
                0x100040f0       0xe8 CMakeFiles/G1-S9-A2.dir/C_/Users/Maiky/.pico-sdk/sdk/2.1.0/src/rp2_common/pico_stdio_usb/stdio_usb.c.obj
                0x100040f0                stdio_usb_init
 .text.tud_descriptor_device_cb
                0x100041d8        0x8 CMakeFiles/G1-S9-A2.dir/C_/Users/Maiky/.pico-sdk/sdk/2.1.0/src/rp2_common/pico_stdio_usb/stdio_usb_descriptors.c.obj
                0x100041d8                tud_descriptor_device_cb
 .text.tud_descriptor_configuration_cb
                0x100041e0        0x8 CMakeFiles/G1-S9-A2.dir/C_/Users/Maiky/.pico-sdk/sdk/2.1.0/src/rp2_common/pico_stdio_usb/stdio_usb_descriptors.c.obj
                0x100041e0                tud_descriptor_configuration_cb
 .text.tud_descriptor_string_cb
                0x100041e8       0x78 CMakeFiles/G1-S9-A2.dir/C_/Users/Maiky/.pico-sdk/sdk/2.1.0/src/rp2_common/pico_stdio_usb/stdio_usb_descriptors.c.obj
                0x100041e8                tud_descriptor_string_cb
 .text.startup._retrieve_unique_id_on_boot
                0x10004260       0x10 CMakeFiles/G1-S9-A2.dir/C_/Users/Maiky/.pico-sdk/sdk/2.1.0/src/rp2_common/pico_unique_id/unique_id.c.obj
 .text.pico_get_unique_board_id_string
                0x10004270      0x1a8 CMakeFiles/G1-S9-A2.dir/C_/Users/Maiky/.pico-sdk/sdk/2.1.0/src/rp2_common/pico_unique_id/unique_id.c.obj
                0x10004270                pico_get_unique_board_id_string
 .text.flash_get_unique_id
                0x10004418       0x3c CMakeFiles/G1-S9-A2.dir/C_/Users/Maiky/.pico-sdk/sdk/2.1.0/src/rp2_common/hardware_flash/flash.c.obj
                0x10004418                flash_get_unique_id
 .text.dcd_init
                0x10004454       0x8c CMakeFiles/G1-S9-A2.dir/C_/Users/Maiky/.pico-sdk/sdk/2.1.0/lib/tinyusb/src/portable/raspberrypi/rp2040/dcd_rp2040.c.obj
                0x10004454                dcd_init
 .text.dcd_int_enable
                0x100044e0        0xc CMakeFiles/G1-S9-A2.dir/C_/Users/Maiky/.pico-sdk/sdk/2.1.0/lib/tinyusb/src/portable/raspberrypi/rp2040/dcd_rp2040.c.obj
                0x100044e0                dcd_int_enable
 .text.dcd_set_address
                0x100044ec       0x14 CMakeFiles/G1-S9-A2.dir/C_/Users/Maiky/.pico-sdk/sdk/2.1.0/lib/tinyusb/src/portable/raspberrypi/rp2040/dcd_rp2040.c.obj
                0x100044ec                dcd_set_address
 .text.dcd_sof_enable
                0x10004500       0x1c CMakeFiles/G1-S9-A2.dir/C_/Users/Maiky/.pico-sdk/sdk/2.1.0/lib/tinyusb/src/portable/raspberrypi/rp2040/dcd_rp2040.c.obj
                0x10004500                dcd_sof_enable
 .text.dcd_edpt0_status_complete
                0x1000451c       0x1c CMakeFiles/G1-S9-A2.dir/C_/Users/Maiky/.pico-sdk/sdk/2.1.0/lib/tinyusb/src/portable/raspberrypi/rp2040/dcd_rp2040.c.obj
                0x1000451c                dcd_edpt0_status_complete
 .text.dcd_edpt_open
                0x10004538      0x108 CMakeFiles/G1-S9-A2.dir/C_/Users/Maiky/.pico-sdk/sdk/2.1.0/lib/tinyusb/src/portable/raspberrypi/rp2040/dcd_rp2040.c.obj
                0x10004538                dcd_edpt_open
 .text.dcd_edpt_close_all
                0x10004640        0x8 CMakeFiles/G1-S9-A2.dir/C_/Users/Maiky/.pico-sdk/sdk/2.1.0/lib/tinyusb/src/portable/raspberrypi/rp2040/dcd_rp2040.c.obj
                0x10004640                dcd_edpt_close_all
 .text.dcd_edpt_xfer
                0x10004648       0x24 CMakeFiles/G1-S9-A2.dir/C_/Users/Maiky/.pico-sdk/sdk/2.1.0/lib/tinyusb/src/portable/raspberrypi/rp2040/dcd_rp2040.c.obj
                0x10004648                dcd_edpt_xfer
 .text.dcd_edpt_stall
                0x1000466c       0x34 CMakeFiles/G1-S9-A2.dir/C_/Users/Maiky/.pico-sdk/sdk/2.1.0/lib/tinyusb/src/portable/raspberrypi/rp2040/dcd_rp2040.c.obj
                0x1000466c                dcd_edpt_stall
 .text.dcd_edpt_clear_stall
                0x100046a0       0x30 CMakeFiles/G1-S9-A2.dir/C_/Users/Maiky/.pico-sdk/sdk/2.1.0/lib/tinyusb/src/portable/raspberrypi/rp2040/dcd_rp2040.c.obj
                0x100046a0                dcd_edpt_clear_stall
 .text.rp2040_usb_init
                0x100046d0       0x40 CMakeFiles/G1-S9-A2.dir/C_/Users/Maiky/.pico-sdk/sdk/2.1.0/lib/tinyusb/src/portable/raspberrypi/rp2040/rp2040_usb.c.obj
                0x100046d0                rp2040_usb_init
 .text.hw_endpoint_xfer_start
                0x10004710       0x40 CMakeFiles/G1-S9-A2.dir/C_/Users/Maiky/.pico-sdk/sdk/2.1.0/lib/tinyusb/src/portable/raspberrypi/rp2040/rp2040_usb.c.obj
                0x10004710                hw_endpoint_xfer_start
 .text.tud_event_hook_cb
                0x10004750        0x4 CMakeFiles/G1-S9-A2.dir/C_/Users/Maiky/.pico-sdk/sdk/2.1.0/lib/tinyusb/src/device/usbd.c.obj
                0x10004750                tud_event_hook_cb
 .text.tud_sof_cb
                0x10004754        0x4 CMakeFiles/G1-S9-A2.dir/C_/Users/Maiky/.pico-sdk/sdk/2.1.0/lib/tinyusb/src/device/usbd.c.obj
                0x10004754                tud_sof_cb
 .text.tud_descriptor_device_qualifier_cb
                0x10004758        0x4 CMakeFiles/G1-S9-A2.dir/C_/Users/Maiky/.pico-sdk/sdk/2.1.0/lib/tinyusb/src/device/usbd.c.obj
                0x10004758                tud_descriptor_device_qualifier_cb
 .text.tud_descriptor_other_speed_configuration_cb
                0x1000475c        0x4 CMakeFiles/G1-S9-A2.dir/C_/Users/Maiky/.pico-sdk/sdk/2.1.0/lib/tinyusb/src/device/usbd.c.obj
                0x1000475c                tud_descriptor_other_speed_configuration_cb
 .text.tud_mount_cb
                0x10004760        0x4 CMakeFiles/G1-S9-A2.dir/C_/Users/Maiky/.pico-sdk/sdk/2.1.0/lib/tinyusb/src/device/usbd.c.obj
                0x10004760                tud_mount_cb
 .text.tud_umount_cb
                0x10004764        0x4 CMakeFiles/G1-S9-A2.dir/C_/Users/Maiky/.pico-sdk/sdk/2.1.0/lib/tinyusb/src/device/usbd.c.obj
                0x10004764                tud_umount_cb
 .text.tud_suspend_cb
                0x10004768        0x4 CMakeFiles/G1-S9-A2.dir/C_/Users/Maiky/.pico-sdk/sdk/2.1.0/lib/tinyusb/src/device/usbd.c.obj
                0x10004768                tud_suspend_cb
 .text.tud_resume_cb
                0x1000476c        0x4 CMakeFiles/G1-S9-A2.dir/C_/Users/Maiky/.pico-sdk/sdk/2.1.0/lib/tinyusb/src/device/usbd.c.obj
                0x1000476c                tud_resume_cb
 .text.tud_mounted
                0x10004770       0x10 CMakeFiles/G1-S9-A2.dir/C_/Users/Maiky/.pico-sdk/sdk/2.1.0/lib/tinyusb/src/device/usbd.c.obj
                0x10004770                tud_mounted
 .text.tud_suspended
                0x10004780       0x10 CMakeFiles/G1-S9-A2.dir/C_/Users/Maiky/.pico-sdk/sdk/2.1.0/lib/tinyusb/src/device/usbd.c.obj
                0x10004780                tud_suspended
 .text.tud_init
                0x10004790       0xe4 CMakeFiles/G1-S9-A2.dir/C_/Users/Maiky/.pico-sdk/sdk/2.1.0/lib/tinyusb/src/device/usbd.c.obj
                0x10004790                tud_init
 .text.tud_task_ext
                0x10004874      0x800 CMakeFiles/G1-S9-A2.dir/C_/Users/Maiky/.pico-sdk/sdk/2.1.0/lib/tinyusb/src/device/usbd.c.obj
                0x10004874                tud_task_ext
 .text.usbd_open_edpt_pair
                0x10005074       0x9c CMakeFiles/G1-S9-A2.dir/C_/Users/Maiky/.pico-sdk/sdk/2.1.0/lib/tinyusb/src/device/usbd.c.obj
                0x10005074                usbd_open_edpt_pair
 .text.usbd_edpt_open
                0x10005110       0x34 CMakeFiles/G1-S9-A2.dir/C_/Users/Maiky/.pico-sdk/sdk/2.1.0/lib/tinyusb/src/device/usbd.c.obj
                0x10005110                usbd_edpt_open
 .text.usbd_edpt_claim
                0x10005144       0x28 CMakeFiles/G1-S9-A2.dir/C_/Users/Maiky/.pico-sdk/sdk/2.1.0/lib/tinyusb/src/device/usbd.c.obj
                0x10005144                usbd_edpt_claim
 .text.usbd_edpt_release
                0x1000516c       0x28 CMakeFiles/G1-S9-A2.dir/C_/Users/Maiky/.pico-sdk/sdk/2.1.0/lib/tinyusb/src/device/usbd.c.obj
                0x1000516c                usbd_edpt_release
 .text.usbd_edpt_xfer
                0x10005194       0x4c CMakeFiles/G1-S9-A2.dir/C_/Users/Maiky/.pico-sdk/sdk/2.1.0/lib/tinyusb/src/device/usbd.c.obj
                0x10005194                usbd_edpt_xfer
 .text.tud_control_status
                0x100051e0       0x2c CMakeFiles/G1-S9-A2.dir/C_/Users/Maiky/.pico-sdk/sdk/2.1.0/lib/tinyusb/src/device/usbd_control.c.obj
                0x100051e0                tud_control_status
 .text.tud_control_xfer
                0x1000520c       0xac CMakeFiles/G1-S9-A2.dir/C_/Users/Maiky/.pico-sdk/sdk/2.1.0/lib/tinyusb/src/device/usbd_control.c.obj
                0x1000520c                tud_control_xfer
 .text.usbd_control_reset
                0x100052b8       0x14 CMakeFiles/G1-S9-A2.dir/C_/Users/Maiky/.pico-sdk/sdk/2.1.0/lib/tinyusb/src/device/usbd_control.c.obj
                0x100052b8                usbd_control_reset
 .text.usbd_control_set_complete_callback
                0x100052cc        0xc CMakeFiles/G1-S9-A2.dir/C_/Users/Maiky/.pico-sdk/sdk/2.1.0/lib/tinyusb/src/device/usbd_control.c.obj
                0x100052cc                usbd_control_set_complete_callback
 .text.usbd_control_set_request
                0x100052d8       0x1c CMakeFiles/G1-S9-A2.dir/C_/Users/Maiky/.pico-sdk/sdk/2.1.0/lib/tinyusb/src/device/usbd_control.c.obj
                0x100052d8                usbd_control_set_request
 .text.usbd_control_xfer_cb
                0x100052f4       0xec CMakeFiles/G1-S9-A2.dir/C_/Users/Maiky/.pico-sdk/sdk/2.1.0/lib/tinyusb/src/device/usbd_control.c.obj
                0x100052f4                usbd_control_xfer_cb
 .text._prep_out_transaction.isra.0
                0x100053e0       0x5c CMakeFiles/G1-S9-A2.dir/C_/Users/Maiky/.pico-sdk/sdk/2.1.0/lib/tinyusb/src/class/cdc/cdc_device.c.obj
 .text.tud_cdc_n_connected
                0x1000543c       0x30 CMakeFiles/G1-S9-A2.dir/C_/Users/Maiky/.pico-sdk/sdk/2.1.0/lib/tinyusb/src/class/cdc/cdc_device.c.obj
                0x1000543c                tud_cdc_n_connected
 .text.tud_cdc_n_available
                0x1000546c       0x18 CMakeFiles/G1-S9-A2.dir/C_/Users/Maiky/.pico-sdk/sdk/2.1.0/lib/tinyusb/src/class/cdc/cdc_device.c.obj
                0x1000546c                tud_cdc_n_available
 .text.tud_cdc_n_read
                0x10005484       0x98 CMakeFiles/G1-S9-A2.dir/C_/Users/Maiky/.pico-sdk/sdk/2.1.0/lib/tinyusb/src/class/cdc/cdc_device.c.obj
                0x10005484                tud_cdc_n_read
 .text.tud_cdc_n_write_flush
                0x1000551c       0x78 CMakeFiles/G1-S9-A2.dir/C_/Users/Maiky/.pico-sdk/sdk/2.1.0/lib/tinyusb/src/class/cdc/cdc_device.c.obj
                0x1000551c                tud_cdc_n_write_flush
 .text.tud_cdc_n_write
                0x10005594       0x40 CMakeFiles/G1-S9-A2.dir/C_/Users/Maiky/.pico-sdk/sdk/2.1.0/lib/tinyusb/src/class/cdc/cdc_device.c.obj
                0x10005594                tud_cdc_n_write
 .text.tud_cdc_n_write_available
                0x100055d4       0x18 CMakeFiles/G1-S9-A2.dir/C_/Users/Maiky/.pico-sdk/sdk/2.1.0/lib/tinyusb/src/class/cdc/cdc_device.c.obj
                0x100055d4                tud_cdc_n_write_available
 .text.cdcd_init
                0x100055ec       0x7c CMakeFiles/G1-S9-A2.dir/C_/Users/Maiky/.pico-sdk/sdk/2.1.0/lib/tinyusb/src/class/cdc/cdc_device.c.obj
                0x100055ec                cdcd_init
 .text.cdcd_deinit
                0x10005668       0x34 CMakeFiles/G1-S9-A2.dir/C_/Users/Maiky/.pico-sdk/sdk/2.1.0/lib/tinyusb/src/class/cdc/cdc_device.c.obj
                0x10005668                cdcd_deinit
 .text.cdcd_reset
                0x1000569c       0x4c CMakeFiles/G1-S9-A2.dir/C_/Users/Maiky/.pico-sdk/sdk/2.1.0/lib/tinyusb/src/class/cdc/cdc_device.c.obj
                0x1000569c                cdcd_reset
 .text.cdcd_open
                0x100056e8       0xb0 CMakeFiles/G1-S9-A2.dir/C_/Users/Maiky/.pico-sdk/sdk/2.1.0/lib/tinyusb/src/class/cdc/cdc_device.c.obj
                0x100056e8                cdcd_open
 .text.cdcd_control_xfer_cb
                0x10005798       0xe4 CMakeFiles/G1-S9-A2.dir/C_/Users/Maiky/.pico-sdk/sdk/2.1.0/lib/tinyusb/src/class/cdc/cdc_device.c.obj
                0x10005798                cdcd_control_xfer_cb
 .text.cdcd_xfer_cb
                0x1000587c      0x100 CMakeFiles/G1-S9-A2.dir/C_/Users/Maiky/.pico-sdk/sdk/2.1.0/lib/tinyusb/src/class/cdc/cdc_device.c.obj
                0x1000587c                cdcd_xfer_cb
 .text.vendord_init
                0x1000597c       0x5c CMakeFiles/G1-S9-A2.dir/C_/Users/Maiky/.pico-sdk/sdk/2.1.0/lib/tinyusb/src/class/vendor/vendor_device.c.obj
                0x1000597c                vendord_init
 .text.vendord_deinit
                0x100059d8       0x1c CMakeFiles/G1-S9-A2.dir/C_/Users/Maiky/.pico-sdk/sdk/2.1.0/lib/tinyusb/src/class/vendor/vendor_device.c.obj
                0x100059d8                vendord_deinit
 .text.vendord_reset
                0x100059f4       0x20 CMakeFiles/G1-S9-A2.dir/C_/Users/Maiky/.pico-sdk/sdk/2.1.0/lib/tinyusb/src/class/vendor/vendor_device.c.obj
                0x100059f4                vendord_reset
 .text.vendord_open
                0x10005a14      0x138 CMakeFiles/G1-S9-A2.dir/C_/Users/Maiky/.pico-sdk/sdk/2.1.0/lib/tinyusb/src/class/vendor/vendor_device.c.obj
                0x10005a14                vendord_open
 .text.vendord_xfer_cb
                0x10005b4c       0x9c CMakeFiles/G1-S9-A2.dir/C_/Users/Maiky/.pico-sdk/sdk/2.1.0/lib/tinyusb/src/class/vendor/vendor_device.c.obj
                0x10005b4c                vendord_xfer_cb
 .text.tusb_init
                0x10005be8        0xc CMakeFiles/G1-S9-A2.dir/C_/Users/Maiky/.pico-sdk/sdk/2.1.0/lib/tinyusb/src/tusb.c.obj
                0x10005be8                tusb_init
 .text.tu_edpt_claim
                0x10005bf4       0x50 CMakeFiles/G1-S9-A2.dir/C_/Users/Maiky/.pico-sdk/sdk/2.1.0/lib/tinyusb/src/tusb.c.obj
                0x10005bf4                tu_edpt_claim
 .text.tu_edpt_release
                0x10005c44       0x38 CMakeFiles/G1-S9-A2.dir/C_/Users/Maiky/.pico-sdk/sdk/2.1.0/lib/tinyusb/src/tusb.c.obj
                0x10005c44                tu_edpt_release
 .text.tu_edpt_validate
                0x10005c7c       0x7c CMakeFiles/G1-S9-A2.dir/C_/Users/Maiky/.pico-sdk/sdk/2.1.0/lib/tinyusb/src/tusb.c.obj
                0x10005c7c                tu_edpt_validate
 .text.tu_edpt_bind_driver
                0x10005cf8       0x34 CMakeFiles/G1-S9-A2.dir/C_/Users/Maiky/.pico-sdk/sdk/2.1.0/lib/tinyusb/src/tusb.c.obj
                0x10005cf8                tu_edpt_bind_driver
 .text.tu_edpt_stream_init
                0x10005d2c       0x6c CMakeFiles/G1-S9-A2.dir/C_/Users/Maiky/.pico-sdk/sdk/2.1.0/lib/tinyusb/src/tusb.c.obj
                0x10005d2c                tu_edpt_stream_init
 .text.tu_edpt_stream_deinit
                0x10005d98        0x4 CMakeFiles/G1-S9-A2.dir/C_/Users/Maiky/.pico-sdk/sdk/2.1.0/lib/tinyusb/src/tusb.c.obj
                0x10005d98                tu_edpt_stream_deinit
 .text.tu_edpt_stream_write_zlp_if_needed
                0x10005d9c       0x68 CMakeFiles/G1-S9-A2.dir/C_/Users/Maiky/.pico-sdk/sdk/2.1.0/lib/tinyusb/src/tusb.c.obj
                0x10005d9c                tu_edpt_stream_write_zlp_if_needed
 .text.tu_edpt_stream_write_xfer
                0x10005e04       0x64 CMakeFiles/G1-S9-A2.dir/C_/Users/Maiky/.pico-sdk/sdk/2.1.0/lib/tinyusb/src/tusb.c.obj
                0x10005e04                tu_edpt_stream_write_xfer
 .text.tu_edpt_stream_read_xfer
                0x10005e68       0xdc CMakeFiles/G1-S9-A2.dir/C_/Users/Maiky/.pico-sdk/sdk/2.1.0/lib/tinyusb/src/tusb.c.obj
                0x10005e68                tu_edpt_stream_read_xfer
 .text.tu_fifo_config
                0x10005f44       0x6c CMakeFiles/G1-S9-A2.dir/C_/Users/Maiky/.pico-sdk/sdk/2.1.0/lib/tinyusb/src/common/tusb_fifo.c.obj
                0x10005f44                tu_fifo_config
 .text.tu_fifo_count
                0x10005fb0       0x2c CMakeFiles/G1-S9-A2.dir/C_/Users/Maiky/.pico-sdk/sdk/2.1.0/lib/tinyusb/src/common/tusb_fifo.c.obj
                0x10005fb0                tu_fifo_count
 .text.tu_fifo_empty
                0x10005fdc       0x10 CMakeFiles/G1-S9-A2.dir/C_/Users/Maiky/.pico-sdk/sdk/2.1.0/lib/tinyusb/src/common/tusb_fifo.c.obj
                0x10005fdc                tu_fifo_empty
 .text.tu_fifo_remaining
                0x10005fec       0x2c CMakeFiles/G1-S9-A2.dir/C_/Users/Maiky/.pico-sdk/sdk/2.1.0/lib/tinyusb/src/common/tusb_fifo.c.obj
                0x10005fec                tu_fifo_remaining
 .text.tu_fifo_read
                0x10006018       0x9c CMakeFiles/G1-S9-A2.dir/C_/Users/Maiky/.pico-sdk/sdk/2.1.0/lib/tinyusb/src/common/tusb_fifo.c.obj
                0x10006018                tu_fifo_read
 .text.tu_fifo_read_n
                0x100060b4       0xe8 CMakeFiles/G1-S9-A2.dir/C_/Users/Maiky/.pico-sdk/sdk/2.1.0/lib/tinyusb/src/common/tusb_fifo.c.obj
                0x100060b4                tu_fifo_read_n
 .text.tu_fifo_write
                0x1000619c       0xa8 CMakeFiles/G1-S9-A2.dir/C_/Users/Maiky/.pico-sdk/sdk/2.1.0/lib/tinyusb/src/common/tusb_fifo.c.obj
                0x1000619c                tu_fifo_write
 .text.tu_fifo_write_n
                0x10006244      0x178 CMakeFiles/G1-S9-A2.dir/C_/Users/Maiky/.pico-sdk/sdk/2.1.0/lib/tinyusb/src/common/tusb_fifo.c.obj
                0x10006244                tu_fifo_write_n
 .text.tu_fifo_clear
                0x100063bc       0x40 CMakeFiles/G1-S9-A2.dir/C_/Users/Maiky/.pico-sdk/sdk/2.1.0/lib/tinyusb/src/common/tusb_fifo.c.obj
                0x100063bc                tu_fifo_clear
 .text.tu_fifo_set_overwritable
                0x100063fc       0x48 CMakeFiles/G1-S9-A2.dir/C_/Users/Maiky/.pico-sdk/sdk/2.1.0/lib/tinyusb/src/common/tusb_fifo.c.obj
                0x100063fc                tu_fifo_set_overwritable
 .text.strlen   0x10006444       0x5c C:/Users/Maiky/.pico-sdk/toolchain/13_3_Rel1/bin/../lib/gcc/arm-none-eabi/13.3.1/thumb/v6-m/nofp\libg.a(libc_a-strlen-stub.o)
                0x10006444                strlen
 *(.fini)
 .fini          0x100064a0        0x4 C:/Users/Maiky/.pico-sdk/toolchain/13_3_Rel1/bin/../lib/gcc/arm-none-eabi/13.3.1/thumb/v6-m/nofp/crti.o
                0x100064a0                _fini
 *fill*         0x100064a4        0x4 
 .fini.__stub   0x100064a8       0xc0 linker stubs
 *crtbegin.o(.ctors)
 *crtbegin?.o(.ctors)
 *(EXCLUDE_FILE(*crtend.o *crtend?.o) .ctors)
 *(SORT_BY_NAME(.ctors.*))
 *(.ctors)
 *crtbegin.o(.dtors)
 *crtbegin?.o(.dtors)
 *(EXCLUDE_FILE(*crtend.o *crtend?.o) .dtors)
 *(SORT_BY_NAME(.dtors.*))
 *(.dtors)
                0x10006568                        . = ALIGN (0x4)
                0x10006568                        PROVIDE (__preinit_array_start = .)
 *(SORT_BY_NAME(.preinit_array.*))
 .preinit_array.00100
                0x10006568        0x4 CMakeFiles/G1-S9-A2.dir/C_/Users/Maiky/.pico-sdk/sdk/2.1.0/src/rp2_common/pico_runtime_init/runtime_init.c.obj
                0x10006568                __pre_init_runtime_init_early_resets
 .preinit_array.00101
                0x1000656c        0x4 CMakeFiles/G1-S9-A2.dir/C_/Users/Maiky/.pico-sdk/sdk/2.1.0/src/rp2_common/pico_runtime_init/runtime_init.c.obj
                0x1000656c                __pre_init_runtime_init_usb_power_down
 .preinit_array.00275
                0x10006570        0x4 CMakeFiles/G1-S9-A2.dir/C_/Users/Maiky/.pico-sdk/sdk/2.1.0/src/rp2_common/pico_bit_ops/bit_ops_aeabi.S.obj
 .preinit_array.00300
                0x10006574        0x4 CMakeFiles/G1-S9-A2.dir/C_/Users/Maiky/.pico-sdk/sdk/2.1.0/src/rp2_common/pico_mem_ops/mem_ops_aeabi.S.obj
 .preinit_array.00350
                0x10006578        0x4 CMakeFiles/G1-S9-A2.dir/C_/Users/Maiky/.pico-sdk/sdk/2.1.0/src/rp2_common/pico_double/double_aeabi_rp2040.S.obj
 .preinit_array.00350
                0x1000657c        0x4 CMakeFiles/G1-S9-A2.dir/C_/Users/Maiky/.pico-sdk/sdk/2.1.0/src/rp2_common/pico_float/float_aeabi_rp2040.S.obj
 .preinit_array.00500
                0x10006580        0x4 CMakeFiles/G1-S9-A2.dir/C_/Users/Maiky/.pico-sdk/sdk/2.1.0/src/rp2_common/pico_runtime_init/runtime_init.c.obj
                0x10006580                __pre_init_runtime_init_clocks
 .preinit_array.00600
                0x10006584        0x4 CMakeFiles/G1-S9-A2.dir/C_/Users/Maiky/.pico-sdk/sdk/2.1.0/src/rp2_common/pico_runtime_init/runtime_init.c.obj
                0x10006584                __pre_init_runtime_init_post_clock_resets
 .preinit_array.00700
                0x10006588        0x4 CMakeFiles/G1-S9-A2.dir/C_/Users/Maiky/.pico-sdk/sdk/2.1.0/src/rp2_common/pico_runtime_init/runtime_init.c.obj
                0x10006588                __pre_init_runtime_init_rp2040_gpio_ie_disable
 .preinit_array.01000
                0x1000658c        0x4 CMakeFiles/G1-S9-A2.dir/C_/Users/Maiky/.pico-sdk/sdk/2.1.0/src/rp2_common/pico_runtime_init/runtime_init.c.obj
                0x1000658c                __pre_init_runtime_init_spin_locks_reset
 .preinit_array.01100
                0x10006590        0x4 CMakeFiles/G1-S9-A2.dir/C_/Users/Maiky/.pico-sdk/sdk/2.1.0/src/common/pico_sync/mutex.c.obj
                0x10006590                __pre_init_runtime_init_mutex
 .preinit_array.10080
                0x10006594        0x4 CMakeFiles/G1-S9-A2.dir/C_/Users/Maiky/.pico-sdk/sdk/2.1.0/src/rp2_common/pico_runtime_init/runtime_init.c.obj
                0x10006594                __pre_init_runtime_init_install_ram_vector_table
 .preinit_array.11000
                0x10006598        0x4 CMakeFiles/G1-S9-A2.dir/C_/Users/Maiky/.pico-sdk/sdk/2.1.0/src/common/pico_time/time.c.obj
                0x10006598                __pre_init_runtime_init_default_alarm_pool
 .preinit_array.YYYYY
                0x1000659c        0x4 CMakeFiles/G1-S9-A2.dir/C_/Users/Maiky/.pico-sdk/sdk/2.1.0/src/rp2_common/pico_runtime/runtime.c.obj
                0x1000659c                __pre_init_first_per_core_initializer
 .preinit_array.ZZZZZ.01200
                0x100065a0        0x4 CMakeFiles/G1-S9-A2.dir/C_/Users/Maiky/.pico-sdk/sdk/2.1.0/src/rp2_common/hardware_irq/irq.c.obj
                0x100065a0                __pre_init_runtime_init_per_core_irq_priorities
 *(.preinit_array)
                0x100065a4                        PROVIDE (__preinit_array_end = .)
                0x100065a4                        . = ALIGN (0x4)
                0x100065a4                        PROVIDE (__init_array_start = .)
 *(SORT_BY_NAME(.init_array.*))
 *(.init_array)
 .init_array    0x100065a4        0x4 C:/Users/Maiky/.pico-sdk/toolchain/13_3_Rel1/bin/../lib/gcc/arm-none-eabi/13.3.1/thumb/v6-m/nofp/crtbegin.o
 .init_array    0x100065a8        0x4 CMakeFiles/G1-S9-A2.dir/C_/Users/Maiky/.pico-sdk/sdk/2.1.0/src/rp2_common/pico_unique_id/unique_id.c.obj
                0x100065ac                        PROVIDE (__init_array_end = .)
                0x100065ac                        . = ALIGN (0x4)
                [!provide]                        PROVIDE (__fini_array_start = .)
 *(SORT_BY_NAME(.fini_array.*))
 *(.fini_array)
                [!provide]                        PROVIDE (__fini_array_end = .)
 *(.eh_frame*)
 .eh_frame      0x100065ac        0x0 C:/Users/Maiky/.pico-sdk/toolchain/13_3_Rel1/bin/../lib/gcc/arm-none-eabi/13.3.1/thumb/v6-m/nofp/crtbegin.o
                0x100065ac                        . = ALIGN (0x4)

.glue_7         0x100065ac        0x0
 .glue_7        0x100065ac        0x0 linker stubs

.glue_7t        0x100065ac        0x0
 .glue_7t       0x100065ac        0x0 linker stubs

.vfp11_veneer   0x100065ac        0x0
 .vfp11_veneer  0x100065ac        0x0 linker stubs

.v4_bx          0x100065ac        0x0
 .v4_bx         0x100065ac        0x0 linker stubs

.iplt           0x100065ac        0x0
 .iplt          0x100065ac        0x0 C:/Users/Maiky/.pico-sdk/toolchain/13_3_Rel1/bin/../lib/gcc/arm-none-eabi/13.3.1/thumb/v6-m/nofp/crtbegin.o

.rodata         0x100065b0      0x6dc
 *(EXCLUDE_FILE(*libm.a: *libc.a:*lib_a-mem*.o *libgcc.a:) .rodata*)
 .rodata.controlar_leds_buzzer
                0x100065b0       0x88 CMakeFiles/G1-S9-A2.dir/G1-S9-A2.c.obj
 .rodata.main.str1.4
                0x10006638      0x1a4 CMakeFiles/G1-S9-A2.dir/G1-S9-A2.c.obj
                                 0x18 (size before relaxing)
 .rodata.panic.str1.4
                0x100067dc       0x12 CMakeFiles/G1-S9-A2.dir/C_/Users/Maiky/.pico-sdk/sdk/2.1.0/src/rp2_common/pico_platform_panic/panic.c.obj
 .rodata.spin_lock_claim_unused.str1.4
                0x100067dc       0x1b CMakeFiles/G1-S9-A2.dir/C_/Users/Maiky/.pico-sdk/sdk/2.1.0/src/rp2_common/hardware_sync/sync.c.obj
 .rodata.user_irq_claim_unused.str1.4
                0x100067dc       0x1b CMakeFiles/G1-S9-A2.dir/C_/Users/Maiky/.pico-sdk/sdk/2.1.0/src/rp2_common/hardware_irq/irq.c.obj
 .rodata.timer_hardware_alarm_claim.str1.4
                0x100067dc       0x22 CMakeFiles/G1-S9-A2.dir/C_/Users/Maiky/.pico-sdk/sdk/2.1.0/src/rp2_common/hardware_timer/timer.c.obj
 .rodata.hard_assertion_failure.str1.4
                0x100067dc        0xc CMakeFiles/G1-S9-A2.dir/C_/Users/Maiky/.pico-sdk/sdk/2.1.0/src/rp2_common/pico_runtime/runtime.c.obj
 .rodata.missing_double_func_shim.str1.4
                0x100067dc       0x18 CMakeFiles/G1-S9-A2.dir/C_/Users/Maiky/.pico-sdk/sdk/2.1.0/src/rp2_common/pico_double/double_init_rom_rp2040.c.obj
 .rodata.missing_float_func_shim.str1.4
                0x100067dc        0x1 CMakeFiles/G1-S9-A2.dir/C_/Users/Maiky/.pico-sdk/sdk/2.1.0/src/rp2_common/pico_float/float_init_rom_rp2040.c.obj
 .rodata.str1.4
                0x100067dc       0x44 CMakeFiles/G1-S9-A2.dir/C_/Users/Maiky/.pico-sdk/sdk/2.1.0/src/rp2_common/pico_standard_binary_info/standard_binary_info.c.obj
 .rodata.__bi_84
                0x100067dc        0xc CMakeFiles/G1-S9-A2.dir/C_/Users/Maiky/.pico-sdk/sdk/2.1.0/src/rp2_common/pico_standard_binary_info/standard_binary_info.c.obj
 .rodata.__bi_78
                0x100067e8        0xc CMakeFiles/G1-S9-A2.dir/C_/Users/Maiky/.pico-sdk/sdk/2.1.0/src/rp2_common/pico_standard_binary_info/standard_binary_info.c.obj
 .rodata.__bi_60
                0x100067f4        0xc CMakeFiles/G1-S9-A2.dir/C_/Users/Maiky/.pico-sdk/sdk/2.1.0/src/rp2_common/pico_standard_binary_info/standard_binary_info.c.obj
 .rodata.__bi_54
                0x10006800        0xc CMakeFiles/G1-S9-A2.dir/C_/Users/Maiky/.pico-sdk/sdk/2.1.0/src/rp2_common/pico_standard_binary_info/standard_binary_info.c.obj
 .rodata.__bi_48
                0x1000680c        0xc CMakeFiles/G1-S9-A2.dir/C_/Users/Maiky/.pico-sdk/sdk/2.1.0/src/rp2_common/pico_standard_binary_info/standard_binary_info.c.obj
 .rodata.__bi_42
                0x10006818        0xc CMakeFiles/G1-S9-A2.dir/C_/Users/Maiky/.pico-sdk/sdk/2.1.0/src/rp2_common/pico_standard_binary_info/standard_binary_info.c.obj
 .rodata.__bi_34
                0x10006824        0xc CMakeFiles/G1-S9-A2.dir/C_/Users/Maiky/.pico-sdk/sdk/2.1.0/src/rp2_common/pico_standard_binary_info/standard_binary_info.c.obj
 .rodata.__bi_26
                0x10006830        0xc CMakeFiles/G1-S9-A2.dir/C_/Users/Maiky/.pico-sdk/sdk/2.1.0/src/rp2_common/pico_standard_binary_info/standard_binary_info.c.obj
 .rodata._ftoa.str1.4
                0x1000683c       0x15 CMakeFiles/G1-S9-A2.dir/C_/Users/Maiky/.pico-sdk/sdk/2.1.0/src/rp2_common/pico_printf/printf.c.obj
 .rodata._vsnprintf
                0x1000683c      0x19c CMakeFiles/G1-S9-A2.dir/C_/Users/Maiky/.pico-sdk/sdk/2.1.0/src/rp2_common/pico_printf/printf.c.obj
 .rodata.pow10.0
                0x100069d8       0x50 CMakeFiles/G1-S9-A2.dir/C_/Users/Maiky/.pico-sdk/sdk/2.1.0/src/rp2_common/pico_printf/printf.c.obj
 .rodata.crlf_str.0
                0x10006a28        0x2 CMakeFiles/G1-S9-A2.dir/C_/Users/Maiky/.pico-sdk/sdk/2.1.0/src/rp2_common/pico_stdio/stdio.c.obj
 *fill*         0x10006a2a        0x2 
 .rodata._resetd_driver
                0x10006a2c       0x20 CMakeFiles/G1-S9-A2.dir/C_/Users/Maiky/.pico-sdk/sdk/2.1.0/src/rp2_common/pico_stdio_usb/reset_interface.c.obj
 .rodata.desc_ms_os_20
                0x10006a4c       0xa6 CMakeFiles/G1-S9-A2.dir/C_/Users/Maiky/.pico-sdk/sdk/2.1.0/src/rp2_common/pico_stdio_usb/reset_interface.c.obj
 *fill*         0x10006af2        0x2 
 .rodata.desc_bos
                0x10006af4       0x21 CMakeFiles/G1-S9-A2.dir/C_/Users/Maiky/.pico-sdk/sdk/2.1.0/src/rp2_common/pico_stdio_usb/reset_interface.c.obj
                0x10006af4                desc_bos
 .rodata.str1.4
                0x10006b15       0x13 CMakeFiles/G1-S9-A2.dir/C_/Users/Maiky/.pico-sdk/sdk/2.1.0/src/rp2_common/pico_stdio_usb/stdio_usb.c.obj
 *fill*         0x10006b15        0x3 
 .rodata.__bi_197.0
                0x10006b18        0xc CMakeFiles/G1-S9-A2.dir/C_/Users/Maiky/.pico-sdk/sdk/2.1.0/src/rp2_common/pico_stdio_usb/stdio_usb.c.obj
 .rodata.str1.4
                0x10006b24       0x2a CMakeFiles/G1-S9-A2.dir/C_/Users/Maiky/.pico-sdk/sdk/2.1.0/src/rp2_common/pico_stdio_usb/stdio_usb_descriptors.c.obj
 .rodata.usbd_desc_str
                0x10006b24       0x18 CMakeFiles/G1-S9-A2.dir/C_/Users/Maiky/.pico-sdk/sdk/2.1.0/src/rp2_common/pico_stdio_usb/stdio_usb_descriptors.c.obj
 .rodata.usbd_desc_cfg
                0x10006b3c       0x54 CMakeFiles/G1-S9-A2.dir/C_/Users/Maiky/.pico-sdk/sdk/2.1.0/src/rp2_common/pico_stdio_usb/stdio_usb_descriptors.c.obj
 .rodata.usbd_desc_device
                0x10006b90       0x12 CMakeFiles/G1-S9-A2.dir/C_/Users/Maiky/.pico-sdk/sdk/2.1.0/src/rp2_common/pico_stdio_usb/stdio_usb_descriptors.c.obj
 .rodata.str1.4
                0x10006ba2       0x14 CMakeFiles/G1-S9-A2.dir/C_/Users/Maiky/.pico-sdk/sdk/2.1.0/lib/tinyusb/src/portable/raspberrypi/rp2040/dcd_rp2040.c.obj
 .rodata.str1.4
                0x10006ba2       0x48 CMakeFiles/G1-S9-A2.dir/C_/Users/Maiky/.pico-sdk/sdk/2.1.0/lib/tinyusb/src/portable/raspberrypi/rp2040/rp2040_usb.c.obj
 *fill*         0x10006ba2        0x2 
 .rodata.tud_task_ext
                0x10006ba4       0x8c CMakeFiles/G1-S9-A2.dir/C_/Users/Maiky/.pico-sdk/sdk/2.1.0/lib/tinyusb/src/device/usbd.c.obj
 .rodata        0x10006c30       0x1c CMakeFiles/G1-S9-A2.dir/C_/Users/Maiky/.pico-sdk/sdk/2.1.0/lib/tinyusb/src/device/usbd.c.obj
 .rodata._usbd_driver
                0x10006c4c       0x40 CMakeFiles/G1-S9-A2.dir/C_/Users/Maiky/.pico-sdk/sdk/2.1.0/lib/tinyusb/src/device/usbd.c.obj
                0x10006c8c                        . = ALIGN (0x4)
 *(SORT_BY_ALIGNMENT(SORT_BY_NAME(.flashdata*)))
                0x10006c8c                        . = ALIGN (0x4)

.ARM.extab
 *(.ARM.extab* .gnu.linkonce.armextab.*)
                0x10006c8c                        __exidx_start = .

.ARM.exidx
 *(.ARM.exidx* .gnu.linkonce.armexidx.*)
                0x10006c8c                        __exidx_end = .
                0x10006c8c                        . = ALIGN (0x4)
                0x10006c8c                        __binary_info_start = .

.binary_info    0x10006c8c       0x24
 *(.binary_info.keep.*)
 .binary_info.keep.__bi_ptr84
                0x10006c8c        0x4 CMakeFiles/G1-S9-A2.dir/C_/Users/Maiky/.pico-sdk/sdk/2.1.0/src/rp2_common/pico_standard_binary_info/standard_binary_info.c.obj
 .binary_info.keep.__bi_ptr78
                0x10006c90        0x4 CMakeFiles/G1-S9-A2.dir/C_/Users/Maiky/.pico-sdk/sdk/2.1.0/src/rp2_common/pico_standard_binary_info/standard_binary_info.c.obj
 .binary_info.keep.__bi_ptr60
                0x10006c94        0x4 CMakeFiles/G1-S9-A2.dir/C_/Users/Maiky/.pico-sdk/sdk/2.1.0/src/rp2_common/pico_standard_binary_info/standard_binary_info.c.obj
 .binary_info.keep.__bi_ptr54
                0x10006c98        0x4 CMakeFiles/G1-S9-A2.dir/C_/Users/Maiky/.pico-sdk/sdk/2.1.0/src/rp2_common/pico_standard_binary_info/standard_binary_info.c.obj
 .binary_info.keep.__bi_ptr48
                0x10006c9c        0x4 CMakeFiles/G1-S9-A2.dir/C_/Users/Maiky/.pico-sdk/sdk/2.1.0/src/rp2_common/pico_standard_binary_info/standard_binary_info.c.obj
 .binary_info.keep.__bi_ptr42
                0x10006ca0        0x4 CMakeFiles/G1-S9-A2.dir/C_/Users/Maiky/.pico-sdk/sdk/2.1.0/src/rp2_common/pico_standard_binary_info/standard_binary_info.c.obj
 .binary_info.keep.__bi_ptr34
                0x10006ca4        0x4 CMakeFiles/G1-S9-A2.dir/C_/Users/Maiky/.pico-sdk/sdk/2.1.0/src/rp2_common/pico_standard_binary_info/standard_binary_info.c.obj
 .binary_info.keep.__bi_ptr26
                0x10006ca8        0x4 CMakeFiles/G1-S9-A2.dir/C_/Users/Maiky/.pico-sdk/sdk/2.1.0/src/rp2_common/pico_standard_binary_info/standard_binary_info.c.obj
 *(.binary_info.*)
 .binary_info.__bi_ptr197
                0x10006cac        0x4 CMakeFiles/G1-S9-A2.dir/C_/Users/Maiky/.pico-sdk/sdk/2.1.0/src/rp2_common/pico_stdio_usb/stdio_usb.c.obj
                0x10006cb0                        __binary_info_end = .

.rel.dyn        0x10006cb0        0x0
 .rel.iplt      0x10006cb0        0x0 C:/Users/Maiky/.pico-sdk/toolchain/13_3_Rel1/bin/../lib/gcc/arm-none-eabi/13.3.1/thumb/v6-m/nofp/crtbegin.o
                0x10006cb0                        . = ALIGN (0x4)

.ram_vector_table
                0x20000000       0xc0
 *(.ram_vector_table)
 .ram_vector_table
                0x20000000       0xc0 CMakeFiles/G1-S9-A2.dir/C_/Users/Maiky/.pico-sdk/sdk/2.1.0/src/rp2_common/pico_runtime_init/runtime_init.c.obj
                0x20000000                ram_vector_table

.uninitialized_data
                0x200000c0        0x0
                0x200000c0                        . = ALIGN (0x4)
 *(.uninitialized_data*)

.data           0x200000c0      0xfd0 load address 0x10006cb0
                0x200000c0                        __data_start__ = .
 *(vtable)
 *(.time_critical*)
 .time_critical.mutex_try_enter
                0x200000c0       0x40 CMakeFiles/G1-S9-A2.dir/C_/Users/Maiky/.pico-sdk/sdk/2.1.0/src/common/pico_sync/mutex.c.obj
                0x200000c0                mutex_try_enter
 .time_critical.mutex_try_enter_block_until
                0x20000100       0x9c CMakeFiles/G1-S9-A2.dir/C_/Users/Maiky/.pico-sdk/sdk/2.1.0/src/common/pico_sync/mutex.c.obj
                0x20000100                mutex_try_enter_block_until
 .time_critical.mutex_enter_timeout_ms
                0x2000019c       0x90 CMakeFiles/G1-S9-A2.dir/C_/Users/Maiky/.pico-sdk/sdk/2.1.0/src/common/pico_sync/mutex.c.obj
                0x2000019c                mutex_enter_timeout_ms
 .time_critical.mutex_exit
                0x2000022c       0x28 CMakeFiles/G1-S9-A2.dir/C_/Users/Maiky/.pico-sdk/sdk/2.1.0/src/common/pico_sync/mutex.c.obj
                0x2000022c                mutex_exit
 .time_critical.flash_init_boot2_copyout
                0x20000254       0x30 CMakeFiles/G1-S9-A2.dir/C_/Users/Maiky/.pico-sdk/sdk/2.1.0/src/rp2_common/hardware_flash/flash.c.obj
 .time_critical.flash_enable_xip_via_boot2
                0x20000284        0xc CMakeFiles/G1-S9-A2.dir/C_/Users/Maiky/.pico-sdk/sdk/2.1.0/src/rp2_common/hardware_flash/flash.c.obj
 .time_critical.flash_cs_force
                0x20000290       0x38 CMakeFiles/G1-S9-A2.dir/C_/Users/Maiky/.pico-sdk/sdk/2.1.0/src/rp2_common/hardware_flash/flash.c.obj
 .time_critical.flash_do_cmd
                0x200002c8       0xc0 CMakeFiles/G1-S9-A2.dir/C_/Users/Maiky/.pico-sdk/sdk/2.1.0/src/rp2_common/hardware_flash/flash.c.obj
                0x200002c8                flash_do_cmd
 .time_critical.reset_non_control_endpoints
                0x20000388       0x68 CMakeFiles/G1-S9-A2.dir/C_/Users/Maiky/.pico-sdk/sdk/2.1.0/lib/tinyusb/src/portable/raspberrypi/rp2040/dcd_rp2040.c.obj
 .time_critical.hw_handle_buff_status
                0x200003f0       0xb0 CMakeFiles/G1-S9-A2.dir/C_/Users/Maiky/.pico-sdk/sdk/2.1.0/lib/tinyusb/src/portable/raspberrypi/rp2040/dcd_rp2040.c.obj
 .time_critical.dcd_rp2040_irq
                0x200004a0      0x578 CMakeFiles/G1-S9-A2.dir/C_/Users/Maiky/.pico-sdk/sdk/2.1.0/lib/tinyusb/src/portable/raspberrypi/rp2040/dcd_rp2040.c.obj
 .time_critical.prepare_ep_buffer
                0x20000a18       0xe0 CMakeFiles/G1-S9-A2.dir/C_/Users/Maiky/.pico-sdk/sdk/2.1.0/lib/tinyusb/src/portable/raspberrypi/rp2040/rp2040_usb.c.obj
 .time_critical.sync_ep_buffer
                0x20000af8       0xa8 CMakeFiles/G1-S9-A2.dir/C_/Users/Maiky/.pico-sdk/sdk/2.1.0/lib/tinyusb/src/portable/raspberrypi/rp2040/rp2040_usb.c.obj
 .time_critical._hw_endpoint_xfer_sync
                0x20000ba0       0x28 CMakeFiles/G1-S9-A2.dir/C_/Users/Maiky/.pico-sdk/sdk/2.1.0/lib/tinyusb/src/portable/raspberrypi/rp2040/rp2040_usb.c.obj
 .time_critical.e15_is_bulkin_ep
                0x20000bc8       0x28 CMakeFiles/G1-S9-A2.dir/C_/Users/Maiky/.pico-sdk/sdk/2.1.0/lib/tinyusb/src/portable/raspberrypi/rp2040/rp2040_usb.c.obj
 .time_critical.e15_is_critical_frame_period
                0x20000bf0       0x34 CMakeFiles/G1-S9-A2.dir/C_/Users/Maiky/.pico-sdk/sdk/2.1.0/lib/tinyusb/src/portable/raspberrypi/rp2040/rp2040_usb.c.obj
 .time_critical.hw_endpoint_reset_transfer
                0x20000c24        0xc CMakeFiles/G1-S9-A2.dir/C_/Users/Maiky/.pico-sdk/sdk/2.1.0/lib/tinyusb/src/portable/raspberrypi/rp2040/rp2040_usb.c.obj
                0x20000c24                hw_endpoint_reset_transfer
 .time_critical._hw_endpoint_buffer_control_update32
                0x20000c30       0x50 CMakeFiles/G1-S9-A2.dir/C_/Users/Maiky/.pico-sdk/sdk/2.1.0/lib/tinyusb/src/portable/raspberrypi/rp2040/rp2040_usb.c.obj
                0x20000c30                _hw_endpoint_buffer_control_update32
 .time_critical.hw_endpoint_start_next_buffer
                0x20000c80       0x6c CMakeFiles/G1-S9-A2.dir/C_/Users/Maiky/.pico-sdk/sdk/2.1.0/lib/tinyusb/src/portable/raspberrypi/rp2040/rp2040_usb.c.obj
                0x20000c80                hw_endpoint_start_next_buffer
 .time_critical.hw_endpoint_xfer_continue
                0x20000cec       0x40 CMakeFiles/G1-S9-A2.dir/C_/Users/Maiky/.pico-sdk/sdk/2.1.0/lib/tinyusb/src/portable/raspberrypi/rp2040/rp2040_usb.c.obj
                0x20000cec                hw_endpoint_xfer_continue
 .time_critical.tinyusb
                0x20000d2c      0x1e4 CMakeFiles/G1-S9-A2.dir/C_/Users/Maiky/.pico-sdk/sdk/2.1.0/lib/tinyusb/src/device/usbd.c.obj
                0x20000d2c                dcd_event_handler
 *(.text*)
 .text          0x20000f10        0x4 C:/Users/Maiky/.pico-sdk/toolchain/13_3_Rel1/bin/../lib/gcc/arm-none-eabi/13.3.1/thumb/v6-m/nofp\libgcc.a(_dvmd_tls.o)
                0x20000f10                __aeabi_idiv0
                0x20000f10                __aeabi_ldiv0
 *fill*         0x20000f14        0x4 
 .text.__stub   0x20000f18       0x80 linker stubs
                0x20000f98                        . = ALIGN (0x4)
 *(.rodata*)
                0x20000f98                        . = ALIGN (0x4)
 *(.data*)
 .data.mapa_teclas
                0x20000f98       0x10 CMakeFiles/G1-S9-A2.dir/G1-S9-A2.c.obj
                0x20000f98                mapa_teclas
 .data.linhas   0x20000fa8       0x10 CMakeFiles/G1-S9-A2.dir/G1-S9-A2.c.obj
                0x20000fa8                linhas
 .data.colunas  0x20000fb8       0x10 CMakeFiles/G1-S9-A2.dir/G1-S9-A2.c.obj
                0x20000fb8                colunas
 .data.striped_spin_lock_num
                0x20000fc8        0x1 CMakeFiles/G1-S9-A2.dir/C_/Users/Maiky/.pico-sdk/sdk/2.1.0/src/rp2_common/hardware_sync/sync.c.obj
 *fill*         0x20000fc9        0x3 
 .data          0x20000fcc       0x48 CMakeFiles/G1-S9-A2.dir/C_/Users/Maiky/.pico-sdk/sdk/2.1.0/src/rp2_common/hardware_irq/irq_handler_chain.S.obj
                0x20000fcc                irq_handler_chain_slots
                0x20000ffc                irq_handler_chain_first_slot
                0x20001006                irq_handler_chain_remove_tail
 .data.default_alarm_pool
                0x20001014       0x18 CMakeFiles/G1-S9-A2.dir/C_/Users/Maiky/.pico-sdk/sdk/2.1.0/src/common/pico_time/time.c.obj
 *fill*         0x2000102c        0x4 
 .data.aeabi_bits_funcs
                0x20001030       0x10 CMakeFiles/G1-S9-A2.dir/C_/Users/Maiky/.pico-sdk/sdk/2.1.0/src/rp2_common/pico_bit_ops/bit_ops_aeabi.S.obj
                0x20001030                aeabi_bits_funcs
                0x20001040                aeabi_bits_funcs_end
 .data.aeabi_mem_funcs
                0x20001040       0x10 CMakeFiles/G1-S9-A2.dir/C_/Users/Maiky/.pico-sdk/sdk/2.1.0/src/rp2_common/pico_mem_ops/mem_ops_aeabi.S.obj
                0x20001040                aeabi_mem_funcs
                0x20001050                aeabi_mem_funcs_end
 .data.stdio_usb
                0x20001050       0x18 CMakeFiles/G1-S9-A2.dir/C_/Users/Maiky/.pico-sdk/sdk/2.1.0/src/rp2_common/pico_stdio_usb/stdio_usb.c.obj
                0x20001050                stdio_usb
 .data._usbd_qdef
                0x20001068       0x1c CMakeFiles/G1-S9-A2.dir/C_/Users/Maiky/.pico-sdk/sdk/2.1.0/lib/tinyusb/src/device/usbd.c.obj
                0x20001068                _usbd_qdef
 .data._usbd_rhport
                0x20001084        0x1 CMakeFiles/G1-S9-A2.dir/C_/Users/Maiky/.pico-sdk/sdk/2.1.0/lib/tinyusb/src/device/usbd.c.obj
                0x20001088                        . = ALIGN (0x4)
 *fill*         0x20001085        0x3 
 *(.after_data.*)
                0x20001088                        . = ALIGN (0x4)
                0x20001088                        PROVIDE (__mutex_array_start = .)
 *(SORT_BY_NAME(.mutex_array.*))
 *(.mutex_array)
 .mutex_array   0x20001088        0x8 CMakeFiles/G1-S9-A2.dir/C_/Users/Maiky/.pico-sdk/sdk/2.1.0/src/rp2_common/pico_stdio/stdio.c.obj
                0x20001090                        PROVIDE (__mutex_array_end = .)
                0x20001090                        . = ALIGN (0x4)
 *(.jcr)
                0x20001090                        . = ALIGN (0x4)

.tm_clone_table
                0x20001090        0x0 load address 0x10007c80
 .tm_clone_table
                0x20001090        0x0 C:/Users/Maiky/.pico-sdk/toolchain/13_3_Rel1/bin/../lib/gcc/arm-none-eabi/13.3.1/thumb/v6-m/nofp/crtbegin.o
 .tm_clone_table
                0x20001090        0x0 C:/Users/Maiky/.pico-sdk/toolchain/13_3_Rel1/bin/../lib/gcc/arm-none-eabi/13.3.1/thumb/v6-m/nofp/crtend.o

.igot.plt       0x20001090        0x0 load address 0x10007c80
 .igot.plt      0x20001090        0x0 C:/Users/Maiky/.pico-sdk/toolchain/13_3_Rel1/bin/../lib/gcc/arm-none-eabi/13.3.1/thumb/v6-m/nofp/crtbegin.o

.tdata          0x20001090        0x0 load address 0x10007c80
                0x20001090                        . = ALIGN (0x4)
 *(.tdata .tdata.* .gnu.linkonce.td.*)
                0x20001090                        __tdata_end = .
                0x20001090                        PROVIDE (__data_end__ = .)
                0x10006cb0                        __etext = LOADADDR (.data)

.tbss           0x20001090        0x0 load address 0x10007c80
                0x20001090                        . = ALIGN (0x4)
                0x20001090                        __bss_start__ = .
                0x20001090                        __tls_base = .
 *(.tbss .tbss.* .gnu.linkonce.tb.*)
 *(.tcommon)
                0x20001090                        __tls_end = .

.bss            0x20001090     0x10bc load address 0x10007c80
                0x20001090                        . = ALIGN (0x4)
                0x20001090                        __tbss_end = .
 *(SORT_BY_ALIGNMENT(SORT_BY_NAME(.bss*)))
 .bss.default_alarm_pool_entries
                0x20001090      0x180 CMakeFiles/G1-S9-A2.dir/C_/Users/Maiky/.pico-sdk/sdk/2.1.0/src/common/pico_time/time.c.obj
 .bss.last_avail_time.1
                0x20001210        0x8 CMakeFiles/G1-S9-A2.dir/C_/Users/Maiky/.pico-sdk/sdk/2.1.0/src/rp2_common/pico_stdio_usb/stdio_usb.c.obj
 .bss.sd_table  0x20001218      0x100 CMakeFiles/G1-S9-A2.dir/C_/Users/Maiky/.pico-sdk/sdk/2.1.0/src/rp2_common/pico_double/double_init_rom_rp2040.c.obj
                0x20001218                sd_table
 .bss._app_driver
                0x20001318        0x4 CMakeFiles/G1-S9-A2.dir/C_/Users/Maiky/.pico-sdk/sdk/2.1.0/lib/tinyusb/src/device/usbd.c.obj
 .bss._cdcd_fifo_cfg
                0x2000131c        0x1 CMakeFiles/G1-S9-A2.dir/C_/Users/Maiky/.pico-sdk/sdk/2.1.0/lib/tinyusb/src/class/cdc/cdc_device.c.obj
 *fill*         0x2000131d        0x3 
 .bss._cdcd_itf
                0x20001320      0x2c8 CMakeFiles/G1-S9-A2.dir/C_/Users/Maiky/.pico-sdk/sdk/2.1.0/lib/tinyusb/src/class/cdc/cdc_device.c.obj
 .bss._colunas  0x200015e8       0x10 CMakeFiles/G1-S9-A2.dir/G1-S9-A2.c.obj
                0x200015e8                _colunas
 .bss._ctrl_xfer
                0x200015f8       0x14 CMakeFiles/G1-S9-A2.dir/C_/Users/Maiky/.pico-sdk/sdk/2.1.0/lib/tinyusb/src/device/usbd_control.c.obj
 .bss._linhas   0x2000160c       0x10 CMakeFiles/G1-S9-A2.dir/G1-S9-A2.c.obj
                0x2000160c                _linhas
 .bss._ubsd_mutexdef
                0x2000161c        0x8 CMakeFiles/G1-S9-A2.dir/C_/Users/Maiky/.pico-sdk/sdk/2.1.0/lib/tinyusb/src/device/usbd.c.obj
 .bss._usbd_ctrl_buf
                0x20001624       0x40 CMakeFiles/G1-S9-A2.dir/C_/Users/Maiky/.pico-sdk/sdk/2.1.0/lib/tinyusb/src/device/usbd_control.c.obj
 .bss._usbd_dev
                0x20001664       0x54 CMakeFiles/G1-S9-A2.dir/C_/Users/Maiky/.pico-sdk/sdk/2.1.0/lib/tinyusb/src/device/usbd.c.obj
 .bss._usbd_mutex
                0x200016b8        0x4 CMakeFiles/G1-S9-A2.dir/C_/Users/Maiky/.pico-sdk/sdk/2.1.0/lib/tinyusb/src/device/usbd.c.obj
 .bss._usbd_q   0x200016bc        0x4 CMakeFiles/G1-S9-A2.dir/C_/Users/Maiky/.pico-sdk/sdk/2.1.0/lib/tinyusb/src/device/usbd.c.obj
 .bss._usbd_qdef_buf
                0x200016c0       0xc0 CMakeFiles/G1-S9-A2.dir/C_/Users/Maiky/.pico-sdk/sdk/2.1.0/lib/tinyusb/src/device/usbd.c.obj
                0x200016c0                _usbd_qdef_buf
 .bss._valores_matriz
                0x20001780       0x10 CMakeFiles/G1-S9-A2.dir/G1-S9-A2.c.obj
                0x20001780                _valores_matriz
 .bss._vendord_itf
                0x20001790      0x2cc CMakeFiles/G1-S9-A2.dir/C_/Users/Maiky/.pico-sdk/sdk/2.1.0/lib/tinyusb/src/class/vendor/vendor_device.c.obj
 .bss.boot2_copyout
                0x20001a5c      0x100 CMakeFiles/G1-S9-A2.dir/C_/Users/Maiky/.pico-sdk/sdk/2.1.0/src/rp2_common/hardware_flash/flash.c.obj
 .bss.chars_available_callback
                0x20001b5c        0x4 CMakeFiles/G1-S9-A2.dir/C_/Users/Maiky/.pico-sdk/sdk/2.1.0/src/rp2_common/pico_stdio_usb/stdio_usb.c.obj
 .bss.chars_available_param
                0x20001b60        0x4 CMakeFiles/G1-S9-A2.dir/C_/Users/Maiky/.pico-sdk/sdk/2.1.0/src/rp2_common/pico_stdio_usb/stdio_usb.c.obj
 .bss.claimed   0x20001b64        0x4 CMakeFiles/G1-S9-A2.dir/C_/Users/Maiky/.pico-sdk/sdk/2.1.0/src/rp2_common/hardware_sync/sync.c.obj
 .bss.claimed   0x20001b68        0x1 CMakeFiles/G1-S9-A2.dir/C_/Users/Maiky/.pico-sdk/sdk/2.1.0/src/rp2_common/hardware_timer/timer.c.obj
 *fill*         0x20001b69        0x3 
 .bss.configured_freq
                0x20001b6c       0x28 CMakeFiles/G1-S9-A2.dir/C_/Users/Maiky/.pico-sdk/sdk/2.1.0/src/rp2_common/hardware_clocks/clocks.c.obj
 .bss.desc_str.0
                0x20001b94       0x28 CMakeFiles/G1-S9-A2.dir/C_/Users/Maiky/.pico-sdk/sdk/2.1.0/src/rp2_common/pico_stdio_usb/stdio_usb_descriptors.c.obj
 .bss.drivers   0x20001bbc        0x4 CMakeFiles/G1-S9-A2.dir/C_/Users/Maiky/.pico-sdk/sdk/2.1.0/src/rp2_common/pico_stdio/stdio.c.obj
 .bss.e15_last_sof
                0x20001bc0        0x4 CMakeFiles/G1-S9-A2.dir/C_/Users/Maiky/.pico-sdk/sdk/2.1.0/lib/tinyusb/src/portable/raspberrypi/rp2040/rp2040_usb.c.obj
                0x20001bc0                e15_last_sof
 .bss.filter    0x20001bc4        0x4 CMakeFiles/G1-S9-A2.dir/C_/Users/Maiky/.pico-sdk/sdk/2.1.0/src/rp2_common/pico_stdio/stdio.c.obj
 .bss.hw_endpoints
                0x20001bc8      0x400 CMakeFiles/G1-S9-A2.dir/C_/Users/Maiky/.pico-sdk/sdk/2.1.0/lib/tinyusb/src/portable/raspberrypi/rp2040/dcd_rp2040.c.obj
 .bss.lazy_vsnprintf
                0x20001fc8        0x4 CMakeFiles/G1-S9-A2.dir/C_/Users/Maiky/.pico-sdk/sdk/2.1.0/src/rp2_common/pico_printf/printf.c.obj
 .bss.load_value
                0x20001fcc        0x4 CMakeFiles/G1-S9-A2.dir/C_/Users/Maiky/.pico-sdk/sdk/2.1.0/src/rp2_common/hardware_watchdog/watchdog.c.obj
 .bss.mascara_coluna
                0x20001fd0       0x10 CMakeFiles/G1-S9-A2.dir/G1-S9-A2.c.obj
                0x20001fd0                mascara_coluna
 .bss.mascara_colunas
                0x20001fe0        0x4 CMakeFiles/G1-S9-A2.dir/G1-S9-A2.c.obj
                0x20001fe0                mascara_colunas
 .bss.next_buffer_ptr
                0x20001fe4        0x4 CMakeFiles/G1-S9-A2.dir/C_/Users/Maiky/.pico-sdk/sdk/2.1.0/lib/tinyusb/src/portable/raspberrypi/rp2040/dcd_rp2040.c.obj
 .bss.object.0  0x20001fe8       0x18 C:/Users/Maiky/.pico-sdk/toolchain/13_3_Rel1/bin/../lib/gcc/arm-none-eabi/13.3.1/thumb/v6-m/nofp/crtbegin.o
 .bss.one_shot_timer_crit_sec
                0x20002000        0x8 CMakeFiles/G1-S9-A2.dir/C_/Users/Maiky/.pico-sdk/sdk/2.1.0/src/rp2_common/pico_stdio_usb/stdio_usb.c.obj
 .bss.pools     0x20002008       0x10 CMakeFiles/G1-S9-A2.dir/C_/Users/Maiky/.pico-sdk/sdk/2.1.0/src/common/pico_time/time.c.obj
 .bss.retrieved_id
                0x20002018        0x8 CMakeFiles/G1-S9-A2.dir/C_/Users/Maiky/.pico-sdk/sdk/2.1.0/src/rp2_common/pico_unique_id/unique_id.c.obj
 .bss.sf_clz_func
                0x20002020        0x4 CMakeFiles/G1-S9-A2.dir/C_/Users/Maiky/.pico-sdk/sdk/2.1.0/src/rp2_common/pico_double/double_init_rom_rp2040.c.obj
                0x20002020                sf_clz_func
 .bss.sf_table  0x20002024      0x100 CMakeFiles/G1-S9-A2.dir/C_/Users/Maiky/.pico-sdk/sdk/2.1.0/src/rp2_common/pico_float/float_init_rom_rp2040.c.obj
                0x20002024                sf_table
 .bss.sleep_notifier
                0x20002124        0x4 CMakeFiles/G1-S9-A2.dir/C_/Users/Maiky/.pico-sdk/sdk/2.1.0/src/common/pico_time/time.c.obj
 .bss.stdio_usb_mutex
                0x20002128        0x8 CMakeFiles/G1-S9-A2.dir/C_/Users/Maiky/.pico-sdk/sdk/2.1.0/src/rp2_common/pico_stdio_usb/stdio_usb.c.obj
 .bss.usbd_serial_str
                0x20002130       0x11 CMakeFiles/G1-S9-A2.dir/C_/Users/Maiky/.pico-sdk/sdk/2.1.0/src/rp2_common/pico_stdio_usb/stdio_usb_descriptors.c.obj
 .bss._app_driver_count
                0x20002141        0x1 CMakeFiles/G1-S9-A2.dir/C_/Users/Maiky/.pico-sdk/sdk/2.1.0/lib/tinyusb/src/device/usbd.c.obj
 .bss._sof_enable
                0x20002142        0x1 CMakeFiles/G1-S9-A2.dir/C_/Users/Maiky/.pico-sdk/sdk/2.1.0/lib/tinyusb/src/portable/raspberrypi/rp2040/dcd_rp2040.c.obj
 .bss._usbd_queued_setup
                0x20002143        0x1 CMakeFiles/G1-S9-A2.dir/C_/Users/Maiky/.pico-sdk/sdk/2.1.0/lib/tinyusb/src/device/usbd.c.obj
 .bss.boot2_copyout_valid
                0x20002144        0x1 CMakeFiles/G1-S9-A2.dir/C_/Users/Maiky/.pico-sdk/sdk/2.1.0/src/rp2_common/hardware_flash/flash.c.obj
 .bss.irq_handler_chain_free_slot_head
                0x20002145        0x1 CMakeFiles/G1-S9-A2.dir/C_/Users/Maiky/.pico-sdk/sdk/2.1.0/src/rp2_common/hardware_irq/irq.c.obj
 .bss.itf_num   0x20002146        0x1 CMakeFiles/G1-S9-A2.dir/C_/Users/Maiky/.pico-sdk/sdk/2.1.0/src/rp2_common/pico_stdio_usb/reset_interface.c.obj
 .bss.low_priority_irq_num
                0x20002147        0x1 CMakeFiles/G1-S9-A2.dir/C_/Users/Maiky/.pico-sdk/sdk/2.1.0/src/rp2_common/pico_stdio_usb/stdio_usb.c.obj
 .bss.one_shot_timer_pending
                0x20002148        0x1 CMakeFiles/G1-S9-A2.dir/C_/Users/Maiky/.pico-sdk/sdk/2.1.0/src/rp2_common/pico_stdio_usb/stdio_usb.c.obj
 .bss.user_irq_claimed
                0x20002149        0x1 CMakeFiles/G1-S9-A2.dir/C_/Users/Maiky/.pico-sdk/sdk/2.1.0/src/rp2_common/hardware_irq/irq.c.obj
 *(COMMON)
                0x2000214c                        . = ALIGN (0x4)
 *fill*         0x2000214a        0x2 
                0x2000214c                        __bss_end__ = .

.heap           0x2000214c      0x800 load address 0x10007c80
                0x2000214c                        __end__ = .
                0x2000214c                        end = __end__
 *(.heap*)
 .heap          0x2000214c      0x800 CMakeFiles/G1-S9-A2.dir/C_/Users/Maiky/.pico-sdk/sdk/2.1.0/src/rp2_common/pico_crt0/crt0.S.obj
                0x20040000                        __HeapLimit = (ORIGIN (RAM) + LENGTH (RAM))

.scratch_x      0x20040000        0x0 load address 0x10007c80
                0x20040000                        __scratch_x_start__ = .
 *(.scratch_x.*)
                0x20040000                        . = ALIGN (0x4)
                0x20040000                        __scratch_x_end__ = .
                0x10007c80                        __scratch_x_source__ = LOADADDR (.scratch_x)

.scratch_y      0x20041000        0x0 load address 0x10007c80
                0x20041000                        __scratch_y_start__ = .
 *(.scratch_y.*)
                0x20041000                        . = ALIGN (0x4)
                0x20041000                        __scratch_y_end__ = .
                0x10007c80                        __scratch_y_source__ = LOADADDR (.scratch_y)

.stack1_dummy
 *(.stack1*)

.stack_dummy    0x20041000      0x800
 *(.stack*)
 .stack         0x20041000      0x800 CMakeFiles/G1-S9-A2.dir/C_/Users/Maiky/.pico-sdk/sdk/2.1.0/src/rp2_common/pico_crt0/crt0.S.obj

.flash_end      0x10007c80        0x0
 *(.embedded_end_block*)
                0x10007c80                        PROVIDE (__flash_binary_end = .)
                0x20040000                        __StackLimit = (ORIGIN (RAM) + LENGTH (RAM))
                0x20041000                        __StackOneTop = (ORIGIN (SCRATCH_X) + LENGTH (SCRATCH_X))
                0x20042000                        __StackTop = (ORIGIN (SCRATCH_Y) + LENGTH (SCRATCH_Y))
                0x20041000                        __StackOneBottom = (__StackOneTop - SIZEOF (.stack1_dummy))
                0x20041800                        __StackBottom = (__StackTop - SIZEOF (.stack_dummy))
                0x20042000                        PROVIDE (__stack = __StackTop)
                [!provide]                        PROVIDE (__heap_start = __end__)
                [!provide]                        PROVIDE (__heap_end = __HeapLimit)
                [!provide]                        PROVIDE (__tls_align = MAX (ALIGNOF (.tdata), ALIGNOF (.tbss)))
                [!provide]                        PROVIDE (__tls_size_align = (((__tls_size + __tls_align) - 0x1) & ~ ((__tls_align - 0x1))))
                [!provide]                        PROVIDE (__arm32_tls_tcb_offset = MAX (0x8, __tls_align))
                [!provide]                        PROVIDE (_end = __end__)
                [!provide]                        PROVIDE (__llvm_libc_heap_limit = __HeapLimit)
                0x00000001                        ASSERT ((__StackLimit >= __HeapLimit), region RAM overflowed)
                0x00000001                        ASSERT (((__binary_info_header_end - __logical_binary_start) <= 0x100), Binary info must be in first 256 bytes of the binary)
LOAD CMakeFiles/G1-S9-A2.dir/G1-S9-A2.c.obj
LOAD CMakeFiles/G1-S9-A2.dir/C_/Users/Maiky/.pico-sdk/sdk/2.1.0/src/rp2_common/pico_stdlib/stdlib.c.obj
LOAD CMakeFiles/G1-S9-A2.dir/C_/Users/Maiky/.pico-sdk/sdk/2.1.0/src/rp2_common/hardware_gpio/gpio.c.obj
LOAD CMakeFiles/G1-S9-A2.dir/C_/Users/Maiky/.pico-sdk/sdk/2.1.0/src/rp2040/pico_platform/platform.c.obj
LOAD CMakeFiles/G1-S9-A2.dir/C_/Users/Maiky/.pico-sdk/sdk/2.1.0/src/rp2_common/pico_platform_panic/panic.c.obj
LOAD CMakeFiles/G1-S9-A2.dir/C_/Users/Maiky/.pico-sdk/sdk/2.1.0/src/common/hardware_claim/claim.c.obj
LOAD CMakeFiles/G1-S9-A2.dir/C_/Users/Maiky/.pico-sdk/sdk/2.1.0/src/rp2_common/hardware_sync/sync.c.obj
LOAD CMakeFiles/G1-S9-A2.dir/C_/Users/Maiky/.pico-sdk/sdk/2.1.0/src/rp2_common/hardware_sync_spin_lock/sync_spin_lock.c.obj
LOAD CMakeFiles/G1-S9-A2.dir/C_/Users/Maiky/.pico-sdk/sdk/2.1.0/src/rp2_common/hardware_irq/irq.c.obj
LOAD CMakeFiles/G1-S9-A2.dir/C_/Users/Maiky/.pico-sdk/sdk/2.1.0/src/rp2_common/hardware_irq/irq_handler_chain.S.obj
LOAD CMakeFiles/G1-S9-A2.dir/C_/Users/Maiky/.pico-sdk/sdk/2.1.0/src/common/pico_sync/sem.c.obj
LOAD CMakeFiles/G1-S9-A2.dir/C_/Users/Maiky/.pico-sdk/sdk/2.1.0/src/common/pico_sync/lock_core.c.obj
LOAD CMakeFiles/G1-S9-A2.dir/C_/Users/Maiky/.pico-sdk/sdk/2.1.0/src/common/pico_sync/mutex.c.obj
LOAD CMakeFiles/G1-S9-A2.dir/C_/Users/Maiky/.pico-sdk/sdk/2.1.0/src/common/pico_sync/critical_section.c.obj
LOAD CMakeFiles/G1-S9-A2.dir/C_/Users/Maiky/.pico-sdk/sdk/2.1.0/src/common/pico_time/time.c.obj
LOAD CMakeFiles/G1-S9-A2.dir/C_/Users/Maiky/.pico-sdk/sdk/2.1.0/src/common/pico_time/timeout_helper.c.obj
LOAD CMakeFiles/G1-S9-A2.dir/C_/Users/Maiky/.pico-sdk/sdk/2.1.0/src/rp2_common/hardware_timer/timer.c.obj
LOAD CMakeFiles/G1-S9-A2.dir/C_/Users/Maiky/.pico-sdk/sdk/2.1.0/src/common/pico_util/datetime.c.obj
LOAD CMakeFiles/G1-S9-A2.dir/C_/Users/Maiky/.pico-sdk/sdk/2.1.0/src/common/pico_util/pheap.c.obj
LOAD CMakeFiles/G1-S9-A2.dir/C_/Users/Maiky/.pico-sdk/sdk/2.1.0/src/common/pico_util/queue.c.obj
LOAD CMakeFiles/G1-S9-A2.dir/C_/Users/Maiky/.pico-sdk/sdk/2.1.0/src/rp2_common/hardware_uart/uart.c.obj
LOAD CMakeFiles/G1-S9-A2.dir/C_/Users/Maiky/.pico-sdk/sdk/2.1.0/src/rp2_common/hardware_clocks/clocks.c.obj
LOAD CMakeFiles/G1-S9-A2.dir/C_/Users/Maiky/.pico-sdk/sdk/2.1.0/src/rp2_common/hardware_pll/pll.c.obj
LOAD CMakeFiles/G1-S9-A2.dir/C_/Users/Maiky/.pico-sdk/sdk/2.1.0/src/rp2_common/hardware_vreg/vreg.c.obj
LOAD CMakeFiles/G1-S9-A2.dir/C_/Users/Maiky/.pico-sdk/sdk/2.1.0/src/rp2_common/hardware_watchdog/watchdog.c.obj
LOAD CMakeFiles/G1-S9-A2.dir/C_/Users/Maiky/.pico-sdk/sdk/2.1.0/src/rp2_common/hardware_ticks/ticks.c.obj
LOAD CMakeFiles/G1-S9-A2.dir/C_/Users/Maiky/.pico-sdk/sdk/2.1.0/src/rp2_common/pico_bootrom/bootrom.c.obj
LOAD CMakeFiles/G1-S9-A2.dir/C_/Users/Maiky/.pico-sdk/sdk/2.1.0/src/rp2_common/pico_bootrom/bootrom_lock.c.obj
LOAD CMakeFiles/G1-S9-A2.dir/C_/Users/Maiky/.pico-sdk/sdk/2.1.0/src/rp2_common/hardware_boot_lock/boot_lock.c.obj
LOAD CMakeFiles/G1-S9-A2.dir/C_/Users/Maiky/.pico-sdk/sdk/2.1.0/src/rp2_common/pico_flash/flash.c.obj
LOAD CMakeFiles/G1-S9-A2.dir/C_/Users/Maiky/.pico-sdk/sdk/2.1.0/src/rp2_common/hardware_xosc/xosc.c.obj
LOAD CMakeFiles/G1-S9-A2.dir/C_/Users/Maiky/.pico-sdk/sdk/2.1.0/src/rp2_common/hardware_divider/divider.S.obj
LOAD CMakeFiles/G1-S9-A2.dir/C_/Users/Maiky/.pico-sdk/sdk/2.1.0/src/rp2_common/pico_runtime/runtime.c.obj
LOAD CMakeFiles/G1-S9-A2.dir/C_/Users/Maiky/.pico-sdk/sdk/2.1.0/src/rp2_common/pico_runtime_init/runtime_init.c.obj
LOAD CMakeFiles/G1-S9-A2.dir/C_/Users/Maiky/.pico-sdk/sdk/2.1.0/src/rp2_common/pico_runtime_init/runtime_init_clocks.c.obj
LOAD CMakeFiles/G1-S9-A2.dir/C_/Users/Maiky/.pico-sdk/sdk/2.1.0/src/rp2_common/pico_runtime_init/runtime_init_stack_guard.c.obj
LOAD CMakeFiles/G1-S9-A2.dir/C_/Users/Maiky/.pico-sdk/sdk/2.1.0/src/rp2_common/pico_bit_ops/bit_ops_aeabi.S.obj
LOAD CMakeFiles/G1-S9-A2.dir/C_/Users/Maiky/.pico-sdk/sdk/2.1.0/src/rp2_common/pico_divider/divider_hardware.S.obj
LOAD CMakeFiles/G1-S9-A2.dir/C_/Users/Maiky/.pico-sdk/sdk/2.1.0/src/rp2_common/pico_double/double_aeabi_rp2040.S.obj
LOAD CMakeFiles/G1-S9-A2.dir/C_/Users/Maiky/.pico-sdk/sdk/2.1.0/src/rp2_common/pico_double/double_init_rom_rp2040.c.obj
LOAD CMakeFiles/G1-S9-A2.dir/C_/Users/Maiky/.pico-sdk/sdk/2.1.0/src/rp2_common/pico_double/double_math.c.obj
LOAD CMakeFiles/G1-S9-A2.dir/C_/Users/Maiky/.pico-sdk/sdk/2.1.0/src/rp2_common/pico_double/double_v1_rom_shim_rp2040.S.obj
LOAD CMakeFiles/G1-S9-A2.dir/C_/Users/Maiky/.pico-sdk/sdk/2.1.0/src/rp2_common/pico_int64_ops/pico_int64_ops_aeabi.S.obj
LOAD CMakeFiles/G1-S9-A2.dir/C_/Users/Maiky/.pico-sdk/sdk/2.1.0/src/rp2_common/pico_float/float_aeabi_rp2040.S.obj
LOAD CMakeFiles/G1-S9-A2.dir/C_/Users/Maiky/.pico-sdk/sdk/2.1.0/src/rp2_common/pico_float/float_init_rom_rp2040.c.obj
LOAD CMakeFiles/G1-S9-A2.dir/C_/Users/Maiky/.pico-sdk/sdk/2.1.0/src/rp2_common/pico_float/float_math.c.obj
LOAD CMakeFiles/G1-S9-A2.dir/C_/Users/Maiky/.pico-sdk/sdk/2.1.0/src/rp2_common/pico_float/float_v1_rom_shim_rp2040.S.obj
LOAD CMakeFiles/G1-S9-A2.dir/C_/Users/Maiky/.pico-sdk/sdk/2.1.0/src/rp2_common/pico_malloc/malloc.c.obj
LOAD CMakeFiles/G1-S9-A2.dir/C_/Users/Maiky/.pico-sdk/sdk/2.1.0/src/rp2_common/pico_mem_ops/mem_ops_aeabi.S.obj
LOAD CMakeFiles/G1-S9-A2.dir/C_/Users/Maiky/.pico-sdk/sdk/2.1.0/src/rp2_common/pico_atomic/atomic.c.obj
LOAD CMakeFiles/G1-S9-A2.dir/C_/Users/Maiky/.pico-sdk/sdk/2.1.0/src/rp2_common/pico_cxx_options/new_delete.cpp.obj
LOAD CMakeFiles/G1-S9-A2.dir/C_/Users/Maiky/.pico-sdk/sdk/2.1.0/src/rp2_common/pico_standard_binary_info/standard_binary_info.c.obj
LOAD CMakeFiles/G1-S9-A2.dir/C_/Users/Maiky/.pico-sdk/sdk/2.1.0/src/rp2_common/pico_printf/printf.c.obj
LOAD CMakeFiles/G1-S9-A2.dir/C_/Users/Maiky/.pico-sdk/sdk/2.1.0/src/rp2_common/pico_crt0/crt0.S.obj
LOAD CMakeFiles/G1-S9-A2.dir/C_/Users/Maiky/.pico-sdk/sdk/2.1.0/src/rp2_common/pico_clib_interface/newlib_interface.c.obj
LOAD CMakeFiles/G1-S9-A2.dir/C_/Users/Maiky/.pico-sdk/sdk/2.1.0/src/rp2_common/pico_stdio/stdio.c.obj
LOAD CMakeFiles/G1-S9-A2.dir/C_/Users/Maiky/.pico-sdk/sdk/2.1.0/src/rp2_common/pico_stdio_usb/reset_interface.c.obj
LOAD CMakeFiles/G1-S9-A2.dir/C_/Users/Maiky/.pico-sdk/sdk/2.1.0/src/rp2_common/pico_stdio_usb/stdio_usb.c.obj
LOAD CMakeFiles/G1-S9-A2.dir/C_/Users/Maiky/.pico-sdk/sdk/2.1.0/src/rp2_common/pico_stdio_usb/stdio_usb_descriptors.c.obj
LOAD CMakeFiles/G1-S9-A2.dir/C_/Users/Maiky/.pico-sdk/sdk/2.1.0/src/rp2_common/pico_unique_id/unique_id.c.obj
LOAD CMakeFiles/G1-S9-A2.dir/C_/Users/Maiky/.pico-sdk/sdk/2.1.0/src/rp2_common/hardware_flash/flash.c.obj
LOAD CMakeFiles/G1-S9-A2.dir/C_/Users/Maiky/.pico-sdk/sdk/2.1.0/src/rp2_common/hardware_xip_cache/xip_cache.c.obj
LOAD CMakeFiles/G1-S9-A2.dir/C_/Users/Maiky/.pico-sdk/sdk/2.1.0/lib/tinyusb/src/portable/raspberrypi/rp2040/dcd_rp2040.c.obj
LOAD CMakeFiles/G1-S9-A2.dir/C_/Users/Maiky/.pico-sdk/sdk/2.1.0/lib/tinyusb/src/portable/raspberrypi/rp2040/rp2040_usb.c.obj
LOAD CMakeFiles/G1-S9-A2.dir/C_/Users/Maiky/.pico-sdk/sdk/2.1.0/lib/tinyusb/src/device/usbd.c.obj